/home/gitanjali/.pyenv/versions/3.10.14/lib/python3.10/site-packages/google/api_core/_python_version_support.py:273: FutureWarning: You are using a Python version (3.10.14) which Google will stop supporting in new releases of google.api_core once it reaches its end of life (2026-10-04). Please upgrade to the latest Python version, or at least Python 3.11, to continue receiving updates for google.api_core past that date.
  warnings.warn(message, FutureWarning)
/home/gitanjali/.pyenv/versions/3.10.14/lib/python3.10/site-packages/google/api_core/_python_version_support.py:273: FutureWarning: You are using a Python version (3.10.14) which Google will stop supporting in new releases of google.cloud.vision_v1 once it reaches its end of life (2026-10-04). Please upgrade to the latest Python version, or at least Python 3.11, to continue receiving updates for google.cloud.vision_v1 past that date.
  warnings.warn(message, FutureWarning)
2026-06-06 22:45:51,984 [INFO] Loading pricelist from use_this.xlsx
2026-06-06 22:45:52,077 [INFO] [TIMING] Load Excel file: 0.09s
2026-06-06 22:45:52,077 [INFO] Found 87 wines to process
2026-06-06 22:45:52,080 [INFO] Initializing pipeline...
2026-06-06 22:45:52,181 [INFO] The user provided project/location will take precedence over the Vertex AI API key from the environment variable.
2026-06-06 22:45:52,367 [INFO] The user provided project/location will take precedence over the Vertex AI API key from the environment variable.
2026-06-06 22:45:52,483 [INFO] [TIMING] Initialize pipeline: 0.41s
2026-06-06 22:45:52,488 [INFO] [TIMING] Create 87 SKU objects: 0.01s
2026-06-06 22:45:52,488 [INFO] Processing wines through pipeline (one search per SKU, no dedup)...
2026-06-06 22:45:52,492 [INFO] [1/87] Searching BH08/2021: Domaine de Bila-Haut V.I.T Cotes du Roussillon Latour de France AOP
2026-06-06 22:45:52,586 [INFO] HTTP Request: GET https://www.googleapis.com/customsearch/v1?key=AIzaSyBZ5p08dd5cR_Q5bMHhaAFuH6kPUO9jxrY&cx=02211d6d3950b4d03&q=Domaine+Languedoc-Roussillon+Domaine+de+Bila-Haut+V.I.T+Cotes+du+Roussillon+Latour+de+France+AOP+Grenache+2021+wine+bottle+white+background+product+photo+-site%3Ainstagram.com+-site%3Afacebook.com+-site%3Apinterest.com+-site%3Atiktok.com+-site%3Atwitter.com+-site%3Ax.com&searchType=image&num=10&imgSize=large&imgType=photo "HTTP/1.1 403 Forbidden"
2026-06-06 22:45:52,589 [WARNING] Custom Search JSON API returned 403: this GCP project likely has no JSON API entitlement (Google closed JSON API access for new projects; DDG/Bing fallback will be used). See https://developers.google.com/custom-search/v1/overview (Vertex AI Search or a third-party SERP API are alternatives).
2026-06-06 22:45:52,923 [INFO] HTTP Request: GET https://serpapi.com/search?engine=google_images&q=Domaine+Languedoc-Roussillon+Domaine+de+Bila-Haut+V.I.T+Cotes+du+Roussillon+Latour+de+France+AOP+Grenache+2021+wine+bottle+white+background+product+photo+-site%3Ainstagram.com+-site%3Afacebook.com+-site%3Apinterest.com+-site%3Atiktok.com+-site%3Atwitter.com+-site%3Ax.com&api_key=6507934244ec5d105def13275985cc32791c2c5e8841ae31dce98b8a2c762461&ijn=0&imgsz=l&imgtype=photo&imgar=t "HTTP/1.1 429 Too Many Requests"
2026-06-06 22:45:52,924 [ERROR] SerpApi HTTP error: Client error '429 Too Many Requests' for url 'https://serpapi.com/search?engine=google_images&q=Domaine+Languedoc-Roussillon+Domaine+de+Bila-Haut+V.I.T+Cotes+du+Roussillon+Latour+de+France+AOP+Grenache+2021+wine+bottle+white+background+product+photo+-site%3Ainstagram.com+-site%3Afacebook.com+-site%3Apinterest.com+-site%3Atiktok.com+-site%3Atwitter.com+-site%3Ax.com&api_key=6507934244ec5d105def13275985cc32791c2c5e8841ae31dce98b8a2c762461&ijn=0&imgsz=l&imgtype=photo&imgar=t'
For more information check: https://developer.mozilla.org/en-US/docs/Web/HTTP/Status/429
2026-06-06 22:45:53,174 [INFO] HTTP Request: GET https://serpapi.com/search?engine=google_images&q=Domaine+Languedoc-Roussillon+Domaine+de+Bila-Haut+V.I.T+Cotes+du+Roussillon+Latour+de+France+AOP+Grenache+2021+wine+bottle+white+background+product+photo+-site%3Ainstagram.com+-site%3Afacebook.com+-site%3Apinterest.com+-site%3Atiktok.com+-site%3Atwitter.com+-site%3Ax.com&api_key=6507934244ec5d105def13275985cc32791c2c5e8841ae31dce98b8a2c762461&ijn=1&imgsz=l&imgtype=photo&imgar=t "HTTP/1.1 429 Too Many Requests"
2026-06-06 22:45:53,177 [ERROR] SerpApi HTTP error: Client error '429 Too Many Requests' for url 'https://serpapi.com/search?engine=google_images&q=Domaine+Languedoc-Roussillon+Domaine+de+Bila-Haut+V.I.T+Cotes+du+Roussillon+Latour+de+France+AOP+Grenache+2021+wine+bottle+white+background+product+photo+-site%3Ainstagram.com+-site%3Afacebook.com+-site%3Apinterest.com+-site%3Atiktok.com+-site%3Atwitter.com+-site%3Ax.com&api_key=6507934244ec5d105def13275985cc32791c2c5e8841ae31dce98b8a2c762461&ijn=1&imgsz=l&imgtype=photo&imgar=t'
For more information check: https://developer.mozilla.org/en-US/docs/Web/HTTP/Status/429
2026-06-06 22:45:53,474 [INFO] response: https://duckduckgo.com/?q=Domaine+Languedoc-Roussillon+Domaine+de+Bila-Haut+V.I.T+Cotes+du+Roussillon+Latour+de+France+AOP+Grenache+2021+wine+bottle+white+background+product+photo+-site%3Ainstagram.com+-site%3Afacebook.com+-site%3Apinterest.com+-site%3Atiktok.com+-site%3Atwitter.com+-site%3Ax.com 200
2026-06-06 22:45:53,530 [INFO] response: https://duckduckgo.com/i.js?o=json&q=Domaine+Languedoc-Roussillon+Domaine+de+Bila-Haut+V.I.T+Cotes+du+Roussillon+Latour+de+France+AOP+Grenache+2021+wine+bottle+white+background+product+photo+-site%3Ainstagram.com+-site%3Afacebook.com+-site%3Apinterest.com+-site%3Atiktok.com+-site%3Atwitter.com+-site%3Ax.com&l=us-en&vqd=4-286610839937217389022486064261970748228&p=1&ct=AT 403
2026-06-06 22:45:53,701 [INFO] response: https://www.bing.com/images/async?q=Domaine+Languedoc-Roussillon+Domaine+de+Bila-Haut+V.I.T+Cotes+du+Roussillon+Latour+de+France+AOP+Grenache+2021+wine+bottle+white+background+product+photo+-site%3Ainstagram.com+-site%3Afacebook.com+-site%3Apinterest.com+-site%3Atiktok.com+-site%3Atwitter.com+-site%3Ax.com&async=1&first=1&count=35 200
2026-06-06 22:45:53,705 [INFO] DuckDuckGo returned 1 candidates for SKU BH08/2021
2026-06-06 22:45:54,359 [INFO] HTTP Request: GET https://wahdah.or.id/wp-content/uploads/2016/09/qurban-2.jpg "HTTP/1.1 200 OK"
2026-06-06 22:45:54,485 [INFO] AFC is enabled with max remote calls: 10.
2026-06-06 22:45:58,048 [ERROR] Error processing candidate https://wahdah.or.id/wp-content/uploads/2016/09/qurban-2.jpg for SKU BH08/2021: Image does not contain a wine bottle with a label
2026-06-06 22:45:58,049 [WARNING] No accurate image for BH08/2021 (verdict=REJECT, conf=0%)
2026-06-06 22:45:58,049 [INFO] [2/87] Searching BH09/2021: Domaine de Bila-Haut R.I Cotes du Roussillon Villages Lesquerde AOP
2026-06-06 22:45:58,132 [INFO] HTTP Request: GET https://www.googleapis.com/customsearch/v1?key=AIzaSyBZ5p08dd5cR_Q5bMHhaAFuH6kPUO9jxrY&cx=02211d6d3950b4d03&q=Domaine+Languedoc-Roussillon+Domaine+de+Bila-Haut+R.I+Cotes+du+Roussillon+Villages+Lesquerde+AOP+100%25+Syrah+2021+wine+bottle+white+background+product+photo+-site%3Ainstagram.com+-site%3Afacebook.com+-site%3Apinterest.com+-site%3Atiktok.com+-site%3Atwitter.com+-site%3Ax.com&searchType=image&num=10&imgSize=large&imgType=photo "HTTP/1.1 403 Forbidden"
2026-06-06 22:45:58,135 [WARNING] Custom Search JSON API returned 403: this GCP project likely has no JSON API entitlement (Google closed JSON API access for new projects; DDG/Bing fallback will be used). See https://developers.google.com/custom-search/v1/overview (Vertex AI Search or a third-party SERP API are alternatives).
2026-06-06 22:45:58,351 [INFO] HTTP Request: GET https://serpapi.com/search?engine=google_images&q=Domaine+Languedoc-Roussillon+Domaine+de+Bila-Haut+R.I+Cotes+du+Roussillon+Villages+Lesquerde+AOP+100%25+Syrah+2021+wine+bottle+white+background+product+photo+-site%3Ainstagram.com+-site%3Afacebook.com+-site%3Apinterest.com+-site%3Atiktok.com+-site%3Atwitter.com+-site%3Ax.com&api_key=6507934244ec5d105def13275985cc32791c2c5e8841ae31dce98b8a2c762461&ijn=0&imgsz=l&imgtype=photo&imgar=t "HTTP/1.1 429 Too Many Requests"
2026-06-06 22:45:58,352 [ERROR] SerpApi HTTP error: Client error '429 Too Many Requests' for url 'https://serpapi.com/search?engine=google_images&q=Domaine+Languedoc-Roussillon+Domaine+de+Bila-Haut+R.I+Cotes+du+Roussillon+Villages+Lesquerde+AOP+100%25+Syrah+2021+wine+bottle+white+background+product+photo+-site%3Ainstagram.com+-site%3Afacebook.com+-site%3Apinterest.com+-site%3Atiktok.com+-site%3Atwitter.com+-site%3Ax.com&api_key=6507934244ec5d105def13275985cc32791c2c5e8841ae31dce98b8a2c762461&ijn=0&imgsz=l&imgtype=photo&imgar=t'
For more information check: https://developer.mozilla.org/en-US/docs/Web/HTTP/Status/429
2026-06-06 22:45:58,657 [INFO] HTTP Request: GET https://serpapi.com/search?engine=google_images&q=Domaine+Languedoc-Roussillon+Domaine+de+Bila-Haut+R.I+Cotes+du+Roussillon+Villages+Lesquerde+AOP+100%25+Syrah+2021+wine+bottle+white+background+product+photo+-site%3Ainstagram.com+-site%3Afacebook.com+-site%3Apinterest.com+-site%3Atiktok.com+-site%3Atwitter.com+-site%3Ax.com&api_key=6507934244ec5d105def13275985cc32791c2c5e8841ae31dce98b8a2c762461&ijn=1&imgsz=l&imgtype=photo&imgar=t "HTTP/1.1 429 Too Many Requests"
2026-06-06 22:45:58,658 [ERROR] SerpApi HTTP error: Client error '429 Too Many Requests' for url 'https://serpapi.com/search?engine=google_images&q=Domaine+Languedoc-Roussillon+Domaine+de+Bila-Haut+R.I+Cotes+du+Roussillon+Villages+Lesquerde+AOP+100%25+Syrah+2021+wine+bottle+white+background+product+photo+-site%3Ainstagram.com+-site%3Afacebook.com+-site%3Apinterest.com+-site%3Atiktok.com+-site%3Atwitter.com+-site%3Ax.com&api_key=6507934244ec5d105def13275985cc32791c2c5e8841ae31dce98b8a2c762461&ijn=1&imgsz=l&imgtype=photo&imgar=t'
For more information check: https://developer.mozilla.org/en-US/docs/Web/HTTP/Status/429
2026-06-06 22:45:58,752 [INFO] response: https://duckduckgo.com/?q=Domaine+Languedoc-Roussillon+Domaine+de+Bila-Haut+R.I+Cotes+du+Roussillon+Villages+Lesquerde+AOP+100%25+Syrah+2021+wine+bottle+white+background+product+photo+-site%3Ainstagram.com+-site%3Afacebook.com+-site%3Apinterest.com+-site%3Atiktok.com+-site%3Atwitter.com+-site%3Ax.com 200
2026-06-06 22:45:58,804 [INFO] response: https://duckduckgo.com/i.js?o=json&q=Domaine+Languedoc-Roussillon+Domaine+de+Bila-Haut+R.I+Cotes+du+Roussillon+Villages+Lesquerde+AOP+100%25+Syrah+2021+wine+bottle+white+background+product+photo+-site%3Ainstagram.com+-site%3Afacebook.com+-site%3Apinterest.com+-site%3Atiktok.com+-site%3Atwitter.com+-site%3Ax.com&l=us-en&vqd=4-233663402034335129482131504748185061705&p=1&ct=AT 403
2026-06-06 22:45:59,070 [INFO] response: https://www.bing.com/images/async?q=Domaine+Languedoc-Roussillon+Domaine+de+Bila-Haut+R.I+Cotes+du+Roussillon+Villages+Lesquerde+AOP+100%25+Syrah+2021+wine+bottle+white+background+product+photo+-site%3Ainstagram.com+-site%3Afacebook.com+-site%3Apinterest.com+-site%3Atiktok.com+-site%3Atwitter.com+-site%3Ax.com&async=1&first=1&count=35 200
2026-06-06 22:45:59,082 [INFO] DuckDuckGo returned 8 candidates for SKU BH09/2021
2026-06-06 22:45:59,488 [INFO] HTTP Request: GET https://cdn.cars24.com/prod/new-bike-cms/Tvs/Apache-Rtr-200-4V/2025/01/03/843ccabb-6c26-49d3-8ea4-10e7c31a6fa1-Tvs_Apache-Rtr-200-4V_Bike-Image.png "HTTP/1.1 301 Found"
2026-06-06 22:45:59,556 [INFO] HTTP Request: GET https://static-cdn.cars24.com/prod/new-bike-cms/Tvs/Apache-Rtr-200-4V/2025/01/03/843ccabb-6c26-49d3-8ea4-10e7c31a6fa1-Tvs_Apache-Rtr-200-4V_Bike-Image.png "HTTP/1.1 403 Forbidden"
2026-06-06 22:45:59,557 [ERROR] Image download failed for https://cdn.cars24.com/prod/new-bike-cms/Tvs/Apache-Rtr-200-4V/2025/01/03/843ccabb-6c26-49d3-8ea4-10e7c31a6fa1-Tvs_Apache-Rtr-200-4V_Bike-Image.png: Client error '403 Forbidden' for url 'https://static-cdn.cars24.com/prod/new-bike-cms/Tvs/Apache-Rtr-200-4V/2025/01/03/843ccabb-6c26-49d3-8ea4-10e7c31a6fa1-Tvs_Apache-Rtr-200-4V_Bike-Image.png'
For more information check: https://developer.mozilla.org/en-US/docs/Web/HTTP/Status/403
2026-06-06 22:45:59,557 [ERROR] Error processing candidate https://cdn.cars24.com/prod/new-bike-cms/Tvs/Apache-Rtr-200-4V/2025/01/03/843ccabb-6c26-49d3-8ea4-10e7c31a6fa1-Tvs_Apache-Rtr-200-4V_Bike-Image.png for SKU BH09/2021: Failed to download image: https://cdn.cars24.com/prod/new-bike-cms/Tvs/Apache-Rtr-200-4V/2025/01/03/843ccabb-6c26-49d3-8ea4-10e7c31a6fa1-Tvs_Apache-Rtr-200-4V_Bike-Image.png
2026-06-06 22:46:01,705 [INFO] HTTP Request: GET https://somosmoto.pe/images/models/gallery/tvs-apache-rtr-200-fi-4v-abs-2021-gallery-ca54bf.jpg "HTTP/1.1 200 OK"
2026-06-06 22:46:04,191 [INFO] AFC is enabled with max remote calls: 10.
2026-06-06 22:46:09,223 [ERROR] Error processing candidate https://somosmoto.pe/images/models/gallery/tvs-apache-rtr-200-fi-4v-abs-2021-gallery-ca54bf.jpg for SKU BH09/2021: Image does not contain a wine bottle with a label
2026-06-06 22:46:09,807 [INFO] HTTP Request: GET http://motonewsbrasil.com/wp-content/uploads/2020/11/tvs-apache-rtr-200-2021-2.jpg "HTTP/1.1 301 Moved Permanently"
2026-06-06 22:46:10,551 [INFO] HTTP Request: GET https://motonewsbrasil.com/wp-content/uploads/2020/11/tvs-apache-rtr-200-2021-2.jpg "HTTP/1.1 200 OK"
2026-06-06 22:46:11,483 [INFO] AFC is enabled with max remote calls: 10.
2026-06-06 22:46:14,837 [ERROR] Error processing candidate http://motonewsbrasil.com/wp-content/uploads/2020/11/tvs-apache-rtr-200-2021-2.jpg for SKU BH09/2021: Image does not contain a wine bottle with a label
2026-06-06 22:46:15,566 [INFO] HTTP Request: GET https://cdn.bikedekho.com/processedimages/tvs/2025-apache-rtr-200-4v/source/2025-apache-rtr-200-4v68bc0a00a91a0.jpg "HTTP/1.1 200 OK"
2026-06-06 22:46:15,728 [INFO] AFC is enabled with max remote calls: 10.
2026-06-06 22:46:18,900 [ERROR] Error processing candidate https://cdn.bikedekho.com/processedimages/tvs/2025-apache-rtr-200-4v/source/2025-apache-rtr-200-4v68bc0a00a91a0.jpg for SKU BH09/2021: Image does not contain a wine bottle with a label
2026-06-06 22:46:19,222 [INFO] HTTP Request: GET https://cdn.bikedekho.com/processedimages/tvs/2025-apache-rtr-200-4v/source/2025-apache-rtr-200-4v6846e0c4ea756.jpg "HTTP/1.1 200 OK"
2026-06-06 22:46:19,314 [INFO] AFC is enabled with max remote calls: 10.
2026-06-06 22:46:22,416 [ERROR] Error processing candidate https://cdn.bikedekho.com/processedimages/tvs/2025-apache-rtr-200-4v/source/2025-apache-rtr-200-4v6846e0c4ea756.jpg for SKU BH09/2021: Image does not contain a wine bottle with a label
2026-06-06 22:46:24,109 [INFO] HTTP Request: GET https://web2.fireboldweb.com/wp-content/uploads/2024/06/280620241719590185tvs_apache_200_4v_fi_abs_negro_nebuloza_dorado_foto1.png "HTTP/1.1 403 Forbidden"
2026-06-06 22:46:24,111 [ERROR] Image download failed for https://web2.fireboldweb.com/wp-content/uploads/2024/06/280620241719590185tvs_apache_200_4v_fi_abs_negro_nebuloza_dorado_foto1.png: Client error '403 Forbidden' for url 'https://web2.fireboldweb.com/wp-content/uploads/2024/06/280620241719590185tvs_apache_200_4v_fi_abs_negro_nebuloza_dorado_foto1.png'
For more information check: https://developer.mozilla.org/en-US/docs/Web/HTTP/Status/403
2026-06-06 22:46:24,111 [ERROR] Error processing candidate https://web2.fireboldweb.com/wp-content/uploads/2024/06/280620241719590185tvs_apache_200_4v_fi_abs_negro_nebuloza_dorado_foto1.png for SKU BH09/2021: Failed to download image: https://web2.fireboldweb.com/wp-content/uploads/2024/06/280620241719590185tvs_apache_200_4v_fi_abs_negro_nebuloza_dorado_foto1.png
2026-06-06 22:46:25,589 [INFO] HTTP Request: GET https://web2.fireboldweb.com/wp-content/uploads/2024/06/280620241719590191tvs_apache_200_4v_fi_abs_negro_nebuloza_dorado_foto5.png "HTTP/1.1 403 Forbidden"
2026-06-06 22:46:25,591 [ERROR] Image download failed for https://web2.fireboldweb.com/wp-content/uploads/2024/06/280620241719590191tvs_apache_200_4v_fi_abs_negro_nebuloza_dorado_foto5.png: Client error '403 Forbidden' for url 'https://web2.fireboldweb.com/wp-content/uploads/2024/06/280620241719590191tvs_apache_200_4v_fi_abs_negro_nebuloza_dorado_foto5.png'
For more information check: https://developer.mozilla.org/en-US/docs/Web/HTTP/Status/403
2026-06-06 22:46:25,591 [ERROR] Error processing candidate https://web2.fireboldweb.com/wp-content/uploads/2024/06/280620241719590191tvs_apache_200_4v_fi_abs_negro_nebuloza_dorado_foto5.png for SKU BH09/2021: Failed to download image: https://web2.fireboldweb.com/wp-content/uploads/2024/06/280620241719590191tvs_apache_200_4v_fi_abs_negro_nebuloza_dorado_foto5.png
2026-06-06 22:46:27,184 [INFO] HTTP Request: GET https://web2.fireboldweb.com/wp-content/uploads/2025/04/030420251743713478APACHE-200-FI-NEGRO-AZUL-3.jpg.jpg "HTTP/1.1 403 Forbidden"
2026-06-06 22:46:27,187 [ERROR] Image download failed for https://web2.fireboldweb.com/wp-content/uploads/2025/04/030420251743713478APACHE-200-FI-NEGRO-AZUL-3.jpg.jpg: Client error '403 Forbidden' for url 'https://web2.fireboldweb.com/wp-content/uploads/2025/04/030420251743713478APACHE-200-FI-NEGRO-AZUL-3.jpg.jpg'
For more information check: https://developer.mozilla.org/en-US/docs/Web/HTTP/Status/403
2026-06-06 22:46:27,188 [ERROR] Error processing candidate https://web2.fireboldweb.com/wp-content/uploads/2025/04/030420251743713478APACHE-200-FI-NEGRO-AZUL-3.jpg.jpg for SKU BH09/2021: Failed to download image: https://web2.fireboldweb.com/wp-content/uploads/2025/04/030420251743713478APACHE-200-FI-NEGRO-AZUL-3.jpg.jpg
2026-06-06 22:46:27,188 [WARNING] No accurate image for BH09/2021 (verdict=REJECT, conf=0%)
2026-06-06 22:46:27,188 [INFO] [3/87] Searching BH10/2021: Domaine de Bila-Haut Chrysopee Blanc, Collioure AOP
2026-06-06 22:46:27,432 [INFO] HTTP Request: GET https://www.googleapis.com/customsearch/v1?key=AIzaSyBZ5p08dd5cR_Q5bMHhaAFuH6kPUO9jxrY&cx=02211d6d3950b4d03&q=Domaine+Languedoc-Roussillon+Domaine+de+Bila-Haut+Chrysopee+Blanc%2C+Collioure+AOP+90%25+Grenache+gris%2C10%25+Grenache+Blanc+2021+wine+bottle+white+background+product+photo+-site%3Ainstagram.com+-site%3Afacebook.com+-site%3Apinterest.com+-site%3Atiktok.com+-site%3Atwitter.com+-site%3Ax.com&searchType=image&num=10&imgSize=large&imgType=photo "HTTP/1.1 403 Forbidden"
2026-06-06 22:46:27,436 [WARNING] Custom Search JSON API returned 403: this GCP project likely has no JSON API entitlement (Google closed JSON API access for new projects; DDG/Bing fallback will be used). See https://developers.google.com/custom-search/v1/overview (Vertex AI Search or a third-party SERP API are alternatives).
2026-06-06 22:46:27,473 [INFO] HTTP Request: GET https://serpapi.com/search?engine=google_images&q=Domaine+Languedoc-Roussillon+Domaine+de+Bila-Haut+Chrysopee+Blanc%2C+Collioure+AOP+90%25+Grenache+gris%2C10%25+Grenache+Blanc+2021+wine+bottle+white+background+product+photo+-site%3Ainstagram.com+-site%3Afacebook.com+-site%3Apinterest.com+-site%3Atiktok.com+-site%3Atwitter.com+-site%3Ax.com&api_key=6507934244ec5d105def13275985cc32791c2c5e8841ae31dce98b8a2c762461&ijn=0&imgsz=l&imgtype=photo&imgar=t "HTTP/1.1 429 Too Many Requests"
2026-06-06 22:46:27,475 [ERROR] SerpApi HTTP error: Client error '429 Too Many Requests' for url 'https://serpapi.com/search?engine=google_images&q=Domaine+Languedoc-Roussillon+Domaine+de+Bila-Haut+Chrysopee+Blanc%2C+Collioure+AOP+90%25+Grenache+gris%2C10%25+Grenache+Blanc+2021+wine+bottle+white+background+product+photo+-site%3Ainstagram.com+-site%3Afacebook.com+-site%3Apinterest.com+-site%3Atiktok.com+-site%3Atwitter.com+-site%3Ax.com&api_key=6507934244ec5d105def13275985cc32791c2c5e8841ae31dce98b8a2c762461&ijn=0&imgsz=l&imgtype=photo&imgar=t'
For more information check: https://developer.mozilla.org/en-US/docs/Web/HTTP/Status/429
2026-06-06 22:46:27,841 [INFO] HTTP Request: GET https://serpapi.com/search?engine=google_images&q=Domaine+Languedoc-Roussillon+Domaine+de+Bila-Haut+Chrysopee+Blanc%2C+Collioure+AOP+90%25+Grenache+gris%2C10%25+Grenache+Blanc+2021+wine+bottle+white+background+product+photo+-site%3Ainstagram.com+-site%3Afacebook.com+-site%3Apinterest.com+-site%3Atiktok.com+-site%3Atwitter.com+-site%3Ax.com&api_key=6507934244ec5d105def13275985cc32791c2c5e8841ae31dce98b8a2c762461&ijn=1&imgsz=l&imgtype=photo&imgar=t "HTTP/1.1 429 Too Many Requests"
2026-06-06 22:46:27,843 [ERROR] SerpApi HTTP error: Client error '429 Too Many Requests' for url 'https://serpapi.com/search?engine=google_images&q=Domaine+Languedoc-Roussillon+Domaine+de+Bila-Haut+Chrysopee+Blanc%2C+Collioure+AOP+90%25+Grenache+gris%2C10%25+Grenache+Blanc+2021+wine+bottle+white+background+product+photo+-site%3Ainstagram.com+-site%3Afacebook.com+-site%3Apinterest.com+-site%3Atiktok.com+-site%3Atwitter.com+-site%3Ax.com&api_key=6507934244ec5d105def13275985cc32791c2c5e8841ae31dce98b8a2c762461&ijn=1&imgsz=l&imgtype=photo&imgar=t'
For more information check: https://developer.mozilla.org/en-US/docs/Web/HTTP/Status/429
2026-06-06 22:46:28,045 [INFO] response: https://www.bing.com/images/async?q=Domaine+Languedoc-Roussillon+Domaine+de+Bila-Haut+Chrysopee+Blanc%2C+Collioure+AOP+90%25+Grenache+gris%2C10%25+Grenache+Blanc+2021+wine+bottle+white+background+product+photo+-site%3Ainstagram.com+-site%3Afacebook.com+-site%3Apinterest.com+-site%3Atiktok.com+-site%3Atwitter.com+-site%3Ax.com&async=1&first=1&count=35 200
2026-06-06 22:46:28,049 [INFO] DuckDuckGo returned 1 candidates for SKU BH10/2021
2026-06-06 22:46:28,893 [INFO] HTTP Request: GET https://www.photolibrary.jp/mhd4/img1068/450-20240313222034227401.jpg "HTTP/1.1 403 Forbidden"
2026-06-06 22:46:28,894 [ERROR] Image download failed for https://www.photolibrary.jp/mhd4/img1068/450-20240313222034227401.jpg: Client error '403 Forbidden' for url 'https://www.photolibrary.jp/mhd4/img1068/450-20240313222034227401.jpg'
For more information check: https://developer.mozilla.org/en-US/docs/Web/HTTP/Status/403
2026-06-06 22:46:28,895 [ERROR] Error processing candidate https://www.photolibrary.jp/mhd4/img1068/450-20240313222034227401.jpg for SKU BH10/2021: Failed to download image: https://www.photolibrary.jp/mhd4/img1068/450-20240313222034227401.jpg
2026-06-06 22:46:28,895 [WARNING] No accurate image for BH10/2021 (verdict=REJECT, conf=0%)
2026-06-06 22:46:28,895 [INFO] [4/87] Searching BH11/2021: M. Chapoutier L ermite Rouge Ermitage AOP
2026-06-06 22:46:28,945 [INFO] HTTP Request: GET https://www.googleapis.com/customsearch/v1?key=AIzaSyBZ5p08dd5cR_Q5bMHhaAFuH6kPUO9jxrY&cx=02211d6d3950b4d03&q=M.+Languedoc-Roussillon+M.+Chapoutier+L+ermite+Rouge+Ermitage+AOP+100%25+Syrah+2021+wine+bottle+white+background+product+photo+-site%3Ainstagram.com+-site%3Afacebook.com+-site%3Apinterest.com+-site%3Atiktok.com+-site%3Atwitter.com+-site%3Ax.com&searchType=image&num=10&imgSize=large&imgType=photo "HTTP/1.1 403 Forbidden"
2026-06-06 22:46:28,947 [WARNING] Custom Search JSON API returned 403: this GCP project likely has no JSON API entitlement (Google closed JSON API access for new projects; DDG/Bing fallback will be used). See https://developers.google.com/custom-search/v1/overview (Vertex AI Search or a third-party SERP API are alternatives).
2026-06-06 22:46:29,148 [INFO] HTTP Request: GET https://serpapi.com/search?engine=google_images&q=M.+Languedoc-Roussillon+M.+Chapoutier+L+ermite+Rouge+Ermitage+AOP+100%25+Syrah+2021+wine+bottle+white+background+product+photo+-site%3Ainstagram.com+-site%3Afacebook.com+-site%3Apinterest.com+-site%3Atiktok.com+-site%3Atwitter.com+-site%3Ax.com&api_key=6507934244ec5d105def13275985cc32791c2c5e8841ae31dce98b8a2c762461&ijn=0&imgsz=l&imgtype=photo&imgar=t "HTTP/1.1 429 Too Many Requests"
2026-06-06 22:46:29,150 [ERROR] SerpApi HTTP error: Client error '429 Too Many Requests' for url 'https://serpapi.com/search?engine=google_images&q=M.+Languedoc-Roussillon+M.+Chapoutier+L+ermite+Rouge+Ermitage+AOP+100%25+Syrah+2021+wine+bottle+white+background+product+photo+-site%3Ainstagram.com+-site%3Afacebook.com+-site%3Apinterest.com+-site%3Atiktok.com+-site%3Atwitter.com+-site%3Ax.com&api_key=6507934244ec5d105def13275985cc32791c2c5e8841ae31dce98b8a2c762461&ijn=0&imgsz=l&imgtype=photo&imgar=t'
For more information check: https://developer.mozilla.org/en-US/docs/Web/HTTP/Status/429
2026-06-06 22:46:29,409 [INFO] HTTP Request: GET https://serpapi.com/search?engine=google_images&q=M.+Languedoc-Roussillon+M.+Chapoutier+L+ermite+Rouge+Ermitage+AOP+100%25+Syrah+2021+wine+bottle+white+background+product+photo+-site%3Ainstagram.com+-site%3Afacebook.com+-site%3Apinterest.com+-site%3Atiktok.com+-site%3Atwitter.com+-site%3Ax.com&api_key=6507934244ec5d105def13275985cc32791c2c5e8841ae31dce98b8a2c762461&ijn=1&imgsz=l&imgtype=photo&imgar=t "HTTP/1.1 429 Too Many Requests"
2026-06-06 22:46:29,411 [ERROR] SerpApi HTTP error: Client error '429 Too Many Requests' for url 'https://serpapi.com/search?engine=google_images&q=M.+Languedoc-Roussillon+M.+Chapoutier+L+ermite+Rouge+Ermitage+AOP+100%25+Syrah+2021+wine+bottle+white+background+product+photo+-site%3Ainstagram.com+-site%3Afacebook.com+-site%3Apinterest.com+-site%3Atiktok.com+-site%3Atwitter.com+-site%3Ax.com&api_key=6507934244ec5d105def13275985cc32791c2c5e8841ae31dce98b8a2c762461&ijn=1&imgsz=l&imgtype=photo&imgar=t'
For more information check: https://developer.mozilla.org/en-US/docs/Web/HTTP/Status/429
2026-06-06 22:46:29,574 [INFO] response: https://www.bing.com/images/async?q=M.+Languedoc-Roussillon+M.+Chapoutier+L+ermite+Rouge+Ermitage+AOP+100%25+Syrah+2021+wine+bottle+white+background+product+photo+-site%3Ainstagram.com+-site%3Afacebook.com+-site%3Apinterest.com+-site%3Atiktok.com+-site%3Atwitter.com+-site%3Ax.com&async=1&first=1&count=35 200
2026-06-06 22:46:29,585 [INFO] DuckDuckGo returned 8 candidates for SKU BH11/2021
2026-06-06 22:46:30,158 [INFO] HTTP Request: GET https://wallpapers.com/images/hd/cute-m-45o1dd2vb2az27c4.jpg "HTTP/1.1 200 OK"
2026-06-06 22:46:30,533 [INFO] AFC is enabled with max remote calls: 10.
2026-06-06 22:46:34,031 [ERROR] Error processing candidate https://wallpapers.com/images/hd/cute-m-45o1dd2vb2az27c4.jpg for SKU BH11/2021: Image does not contain a wine bottle with a label
2026-06-06 22:46:34,266 [INFO] HTTP Request: GET https://wallpapers.com/images/hd/letter-m-digital-abstract-y3xnzltc5qr24x5o.jpg "HTTP/1.1 200 OK"
2026-06-06 22:46:34,699 [INFO] AFC is enabled with max remote calls: 10.
2026-06-06 22:46:38,328 [ERROR] Error processing candidate https://wallpapers.com/images/hd/letter-m-digital-abstract-y3xnzltc5qr24x5o.jpg for SKU BH11/2021: Image does not contain a wine bottle with a label
2026-06-06 22:46:38,417 [INFO] HTTP Request: GET https://static.vecteezy.com/system/resources/previews/021/054/569/original/3d-gold-effect-letter-m-free-png.png "HTTP/1.1 403 Forbidden"
2026-06-06 22:46:38,418 [ERROR] Image download failed for https://static.vecteezy.com/system/resources/previews/021/054/569/original/3d-gold-effect-letter-m-free-png.png: Client error '403 Forbidden' for url 'https://static.vecteezy.com/system/resources/previews/021/054/569/original/3d-gold-effect-letter-m-free-png.png'
For more information check: https://developer.mozilla.org/en-US/docs/Web/HTTP/Status/403
2026-06-06 22:46:38,419 [ERROR] Error processing candidate https://static.vecteezy.com/system/resources/previews/021/054/569/original/3d-gold-effect-letter-m-free-png.png for SKU BH11/2021: Failed to download image: https://static.vecteezy.com/system/resources/previews/021/054/569/original/3d-gold-effect-letter-m-free-png.png
2026-06-06 22:46:38,902 [INFO] HTTP Request: GET https://3.bp.blogspot.com/-fkLGJgZ1jBs/XrAz6XUIMaI/AAAAAAAAI7s/Ho0IHGbPDWsdFtd_XO2pIbaenCBCboOQQCLcBGAsYHQ/s1600/big-printable-alphabet-letter-m.png "HTTP/1.1 200 OK"
2026-06-06 22:46:38,961 [INFO] AFC is enabled with max remote calls: 10.
2026-06-06 22:46:42,998 [ERROR] Error processing candidate https://3.bp.blogspot.com/-fkLGJgZ1jBs/XrAz6XUIMaI/AAAAAAAAI7s/Ho0IHGbPDWsdFtd_XO2pIbaenCBCboOQQCLcBGAsYHQ/s1600/big-printable-alphabet-letter-m.png for SKU BH11/2021: Image does not contain a wine bottle with a label
2026-06-06 22:46:43,086 [INFO] HTTP Request: GET https://static.vecteezy.com/system/resources/previews/016/716/854/original/m-alphabet-letter-purple-color-cute-design-png.png "HTTP/1.1 403 Forbidden"
2026-06-06 22:46:43,087 [ERROR] Image download failed for https://static.vecteezy.com/system/resources/previews/016/716/854/original/m-alphabet-letter-purple-color-cute-design-png.png: Client error '403 Forbidden' for url 'https://static.vecteezy.com/system/resources/previews/016/716/854/original/m-alphabet-letter-purple-color-cute-design-png.png'
For more information check: https://developer.mozilla.org/en-US/docs/Web/HTTP/Status/403
2026-06-06 22:46:43,087 [ERROR] Error processing candidate https://static.vecteezy.com/system/resources/previews/016/716/854/original/m-alphabet-letter-purple-color-cute-design-png.png for SKU BH11/2021: Failed to download image: https://static.vecteezy.com/system/resources/previews/016/716/854/original/m-alphabet-letter-purple-color-cute-design-png.png
2026-06-06 22:46:43,715 [INFO] HTTP Request: GET https://www.bigactivities.com/coloring/alphabet/images/letter_m.png "HTTP/1.1 200 OK"
2026-06-06 22:46:44,086 [INFO] AFC is enabled with max remote calls: 10.
2026-06-06 22:46:46,689 [ERROR] Error processing candidate https://www.bigactivities.com/coloring/alphabet/images/letter_m.png for SKU BH11/2021: Image does not contain a wine bottle with a label
2026-06-06 22:46:46,802 [INFO] HTTP Request: GET https://cdn.pixabay.com/photo/2013/07/12/12/36/letter-146007_1280.png "HTTP/1.1 200 OK"
2026-06-06 22:46:46,898 [INFO] AFC is enabled with max remote calls: 10.
2026-06-06 22:46:49,142 [ERROR] Error processing candidate https://cdn.pixabay.com/photo/2013/07/12/12/36/letter-146007_1280.png for SKU BH11/2021: Image does not contain a wine bottle with a label
2026-06-06 22:46:49,480 [INFO] HTTP Request: GET https://i5.walmartimages.com/asr/8fc211b5-98b2-4cdf-945e-df2b6552923b.f68495b81922f5e384d57368439ce14b.png "HTTP/1.1 200 OK"
2026-06-06 22:46:49,592 [INFO] AFC is enabled with max remote calls: 10.
2026-06-06 22:46:52,112 [ERROR] Error processing candidate https://i5.walmartimages.com/asr/8fc211b5-98b2-4cdf-945e-df2b6552923b.f68495b81922f5e384d57368439ce14b.png for SKU BH11/2021: Image does not contain a wine bottle with a label
2026-06-06 22:46:52,113 [WARNING] No accurate image for BH11/2021 (verdict=REJECT, conf=0%)
2026-06-06 22:46:52,113 [INFO] [5/87] Searching BH11/2022: M. Chapoutier L ermite Rouge Ermitage AOP
2026-06-06 22:46:52,191 [INFO] HTTP Request: GET https://www.googleapis.com/customsearch/v1?key=AIzaSyBZ5p08dd5cR_Q5bMHhaAFuH6kPUO9jxrY&cx=02211d6d3950b4d03&q=M.+Languedoc-Roussillon+M.+Chapoutier+L+ermite+Rouge+Ermitage+AOP+100%25+Syrah+2022+wine+bottle+white+background+product+photo+-site%3Ainstagram.com+-site%3Afacebook.com+-site%3Apinterest.com+-site%3Atiktok.com+-site%3Atwitter.com+-site%3Ax.com&searchType=image&num=10&imgSize=large&imgType=photo "HTTP/1.1 403 Forbidden"
2026-06-06 22:46:52,192 [WARNING] Custom Search JSON API returned 403: this GCP project likely has no JSON API entitlement (Google closed JSON API access for new projects; DDG/Bing fallback will be used). See https://developers.google.com/custom-search/v1/overview (Vertex AI Search or a third-party SERP API are alternatives).
2026-06-06 22:46:52,389 [INFO] HTTP Request: GET https://serpapi.com/search?engine=google_images&q=M.+Languedoc-Roussillon+M.+Chapoutier+L+ermite+Rouge+Ermitage+AOP+100%25+Syrah+2022+wine+bottle+white+background+product+photo+-site%3Ainstagram.com+-site%3Afacebook.com+-site%3Apinterest.com+-site%3Atiktok.com+-site%3Atwitter.com+-site%3Ax.com&api_key=6507934244ec5d105def13275985cc32791c2c5e8841ae31dce98b8a2c762461&ijn=0&imgsz=l&imgtype=photo&imgar=t "HTTP/1.1 429 Too Many Requests"
2026-06-06 22:46:52,391 [ERROR] SerpApi HTTP error: Client error '429 Too Many Requests' for url 'https://serpapi.com/search?engine=google_images&q=M.+Languedoc-Roussillon+M.+Chapoutier+L+ermite+Rouge+Ermitage+AOP+100%25+Syrah+2022+wine+bottle+white+background+product+photo+-site%3Ainstagram.com+-site%3Afacebook.com+-site%3Apinterest.com+-site%3Atiktok.com+-site%3Atwitter.com+-site%3Ax.com&api_key=6507934244ec5d105def13275985cc32791c2c5e8841ae31dce98b8a2c762461&ijn=0&imgsz=l&imgtype=photo&imgar=t'
For more information check: https://developer.mozilla.org/en-US/docs/Web/HTTP/Status/429
2026-06-06 22:46:52,631 [INFO] HTTP Request: GET https://serpapi.com/search?engine=google_images&q=M.+Languedoc-Roussillon+M.+Chapoutier+L+ermite+Rouge+Ermitage+AOP+100%25+Syrah+2022+wine+bottle+white+background+product+photo+-site%3Ainstagram.com+-site%3Afacebook.com+-site%3Apinterest.com+-site%3Atiktok.com+-site%3Atwitter.com+-site%3Ax.com&api_key=6507934244ec5d105def13275985cc32791c2c5e8841ae31dce98b8a2c762461&ijn=1&imgsz=l&imgtype=photo&imgar=t "HTTP/1.1 429 Too Many Requests"
2026-06-06 22:46:52,633 [ERROR] SerpApi HTTP error: Client error '429 Too Many Requests' for url 'https://serpapi.com/search?engine=google_images&q=M.+Languedoc-Roussillon+M.+Chapoutier+L+ermite+Rouge+Ermitage+AOP+100%25+Syrah+2022+wine+bottle+white+background+product+photo+-site%3Ainstagram.com+-site%3Afacebook.com+-site%3Apinterest.com+-site%3Atiktok.com+-site%3Atwitter.com+-site%3Ax.com&api_key=6507934244ec5d105def13275985cc32791c2c5e8841ae31dce98b8a2c762461&ijn=1&imgsz=l&imgtype=photo&imgar=t'
For more information check: https://developer.mozilla.org/en-US/docs/Web/HTTP/Status/429
2026-06-06 22:46:52,827 [INFO] response: https://www.bing.com/images/async?q=M.+Languedoc-Roussillon+M.+Chapoutier+L+ermite+Rouge+Ermitage+AOP+100%25+Syrah+2022+wine+bottle+white+background+product+photo+-site%3Ainstagram.com+-site%3Afacebook.com+-site%3Apinterest.com+-site%3Atiktok.com+-site%3Atwitter.com+-site%3Ax.com&async=1&first=1&count=35 200
2026-06-06 22:46:52,838 [INFO] DuckDuckGo returned 8 candidates for SKU BH11/2022
2026-06-06 22:46:53,081 [INFO] HTTP Request: GET https://wallpapers.com/images/hd/cute-m-45o1dd2vb2az27c4.jpg "HTTP/1.1 200 OK"
2026-06-06 22:46:53,403 [INFO] AFC is enabled with max remote calls: 10.
2026-06-06 22:46:56,724 [ERROR] Error processing candidate https://wallpapers.com/images/hd/cute-m-45o1dd2vb2az27c4.jpg for SKU BH11/2022: Image does not contain a wine bottle with a label
2026-06-06 22:46:57,058 [INFO] HTTP Request: GET https://wallpapers.com/images/hd/letter-m-digital-abstract-y3xnzltc5qr24x5o.jpg "HTTP/1.1 200 OK"
2026-06-06 22:46:57,489 [INFO] AFC is enabled with max remote calls: 10.
2026-06-06 22:46:59,894 [ERROR] Error processing candidate https://wallpapers.com/images/hd/letter-m-digital-abstract-y3xnzltc5qr24x5o.jpg for SKU BH11/2022: Image does not contain a wine bottle with a label
2026-06-06 22:46:59,965 [INFO] HTTP Request: GET https://static.vecteezy.com/system/resources/previews/021/054/569/original/3d-gold-effect-letter-m-free-png.png "HTTP/1.1 403 Forbidden"
2026-06-06 22:46:59,966 [ERROR] Image download failed for https://static.vecteezy.com/system/resources/previews/021/054/569/original/3d-gold-effect-letter-m-free-png.png: Client error '403 Forbidden' for url 'https://static.vecteezy.com/system/resources/previews/021/054/569/original/3d-gold-effect-letter-m-free-png.png'
For more information check: https://developer.mozilla.org/en-US/docs/Web/HTTP/Status/403
2026-06-06 22:46:59,967 [ERROR] Error processing candidate https://static.vecteezy.com/system/resources/previews/021/054/569/original/3d-gold-effect-letter-m-free-png.png for SKU BH11/2022: Failed to download image: https://static.vecteezy.com/system/resources/previews/021/054/569/original/3d-gold-effect-letter-m-free-png.png
2026-06-06 22:47:00,051 [INFO] HTTP Request: GET https://3.bp.blogspot.com/-fkLGJgZ1jBs/XrAz6XUIMaI/AAAAAAAAI7s/Ho0IHGbPDWsdFtd_XO2pIbaenCBCboOQQCLcBGAsYHQ/s1600/big-printable-alphabet-letter-m.png "HTTP/1.1 200 OK"
2026-06-06 22:47:00,116 [INFO] AFC is enabled with max remote calls: 10.
2026-06-06 22:47:02,245 [ERROR] Error processing candidate https://3.bp.blogspot.com/-fkLGJgZ1jBs/XrAz6XUIMaI/AAAAAAAAI7s/Ho0IHGbPDWsdFtd_XO2pIbaenCBCboOQQCLcBGAsYHQ/s1600/big-printable-alphabet-letter-m.png for SKU BH11/2022: Image does not contain a wine bottle with a label
2026-06-06 22:47:02,329 [INFO] HTTP Request: GET https://static.vecteezy.com/system/resources/previews/016/716/854/original/m-alphabet-letter-purple-color-cute-design-png.png "HTTP/1.1 403 Forbidden"
2026-06-06 22:47:02,331 [ERROR] Image download failed for https://static.vecteezy.com/system/resources/previews/016/716/854/original/m-alphabet-letter-purple-color-cute-design-png.png: Client error '403 Forbidden' for url 'https://static.vecteezy.com/system/resources/previews/016/716/854/original/m-alphabet-letter-purple-color-cute-design-png.png'
For more information check: https://developer.mozilla.org/en-US/docs/Web/HTTP/Status/403
2026-06-06 22:47:02,331 [ERROR] Error processing candidate https://static.vecteezy.com/system/resources/previews/016/716/854/original/m-alphabet-letter-purple-color-cute-design-png.png for SKU BH11/2022: Failed to download image: https://static.vecteezy.com/system/resources/previews/016/716/854/original/m-alphabet-letter-purple-color-cute-design-png.png
2026-06-06 22:47:02,966 [INFO] HTTP Request: GET https://www.bigactivities.com/coloring/alphabet/images/letter_m.png "HTTP/1.1 200 OK"
2026-06-06 22:47:03,180 [INFO] AFC is enabled with max remote calls: 10.
2026-06-06 22:47:05,201 [ERROR] Error processing candidate https://www.bigactivities.com/coloring/alphabet/images/letter_m.png for SKU BH11/2022: Image does not contain a wine bottle with a label
2026-06-06 22:47:05,309 [INFO] HTTP Request: GET https://cdn.pixabay.com/photo/2013/07/12/12/36/letter-146007_1280.png "HTTP/1.1 200 OK"
2026-06-06 22:47:05,397 [INFO] AFC is enabled with max remote calls: 10.
2026-06-06 22:47:06,997 [ERROR] Error processing candidate https://cdn.pixabay.com/photo/2013/07/12/12/36/letter-146007_1280.png for SKU BH11/2022: Image does not contain a wine bottle with a label
2026-06-06 22:47:07,073 [INFO] HTTP Request: GET https://i5.walmartimages.com/asr/8fc211b5-98b2-4cdf-945e-df2b6552923b.f68495b81922f5e384d57368439ce14b.png "HTTP/1.1 200 OK"
2026-06-06 22:47:07,187 [INFO] AFC is enabled with max remote calls: 10.
2026-06-06 22:47:09,971 [ERROR] Error processing candidate https://i5.walmartimages.com/asr/8fc211b5-98b2-4cdf-945e-df2b6552923b.f68495b81922f5e384d57368439ce14b.png for SKU BH11/2022: Image does not contain a wine bottle with a label
2026-06-06 22:47:09,971 [WARNING] No accurate image for BH11/2022 (verdict=REJECT, conf=0%)
2026-06-06 22:47:09,971 [INFO] [6/87] Searching BH12/2021: M. Chapoutier L ermite Blanc Ermitage AOP
2026-06-06 22:47:10,046 [INFO] HTTP Request: GET https://www.googleapis.com/customsearch/v1?key=AIzaSyBZ5p08dd5cR_Q5bMHhaAFuH6kPUO9jxrY&cx=02211d6d3950b4d03&q=M.+Languedoc-Roussillon+M.+Chapoutier+L+ermite+Blanc+Ermitage+AOP+Marsanne+2021+wine+bottle+white+background+product+photo+-site%3Ainstagram.com+-site%3Afacebook.com+-site%3Apinterest.com+-site%3Atiktok.com+-site%3Atwitter.com+-site%3Ax.com&searchType=image&num=10&imgSize=large&imgType=photo "HTTP/1.1 403 Forbidden"
2026-06-06 22:47:10,048 [WARNING] Custom Search JSON API returned 403: this GCP project likely has no JSON API entitlement (Google closed JSON API access for new projects; DDG/Bing fallback will be used). See https://developers.google.com/custom-search/v1/overview (Vertex AI Search or a third-party SERP API are alternatives).
2026-06-06 22:47:10,297 [INFO] HTTP Request: GET https://serpapi.com/search?engine=google_images&q=M.+Languedoc-Roussillon+M.+Chapoutier+L+ermite+Blanc+Ermitage+AOP+Marsanne+2021+wine+bottle+white+background+product+photo+-site%3Ainstagram.com+-site%3Afacebook.com+-site%3Apinterest.com+-site%3Atiktok.com+-site%3Atwitter.com+-site%3Ax.com&api_key=6507934244ec5d105def13275985cc32791c2c5e8841ae31dce98b8a2c762461&ijn=0&imgsz=l&imgtype=photo&imgar=t "HTTP/1.1 429 Too Many Requests"
2026-06-06 22:47:10,298 [ERROR] SerpApi HTTP error: Client error '429 Too Many Requests' for url 'https://serpapi.com/search?engine=google_images&q=M.+Languedoc-Roussillon+M.+Chapoutier+L+ermite+Blanc+Ermitage+AOP+Marsanne+2021+wine+bottle+white+background+product+photo+-site%3Ainstagram.com+-site%3Afacebook.com+-site%3Apinterest.com+-site%3Atiktok.com+-site%3Atwitter.com+-site%3Ax.com&api_key=6507934244ec5d105def13275985cc32791c2c5e8841ae31dce98b8a2c762461&ijn=0&imgsz=l&imgtype=photo&imgar=t'
For more information check: https://developer.mozilla.org/en-US/docs/Web/HTTP/Status/429
2026-06-06 22:47:10,548 [INFO] HTTP Request: GET https://serpapi.com/search?engine=google_images&q=M.+Languedoc-Roussillon+M.+Chapoutier+L+ermite+Blanc+Ermitage+AOP+Marsanne+2021+wine+bottle+white+background+product+photo+-site%3Ainstagram.com+-site%3Afacebook.com+-site%3Apinterest.com+-site%3Atiktok.com+-site%3Atwitter.com+-site%3Ax.com&api_key=6507934244ec5d105def13275985cc32791c2c5e8841ae31dce98b8a2c762461&ijn=1&imgsz=l&imgtype=photo&imgar=t "HTTP/1.1 429 Too Many Requests"
2026-06-06 22:47:10,550 [ERROR] SerpApi HTTP error: Client error '429 Too Many Requests' for url 'https://serpapi.com/search?engine=google_images&q=M.+Languedoc-Roussillon+M.+Chapoutier+L+ermite+Blanc+Ermitage+AOP+Marsanne+2021+wine+bottle+white+background+product+photo+-site%3Ainstagram.com+-site%3Afacebook.com+-site%3Apinterest.com+-site%3Atiktok.com+-site%3Atwitter.com+-site%3Ax.com&api_key=6507934244ec5d105def13275985cc32791c2c5e8841ae31dce98b8a2c762461&ijn=1&imgsz=l&imgtype=photo&imgar=t'
For more information check: https://developer.mozilla.org/en-US/docs/Web/HTTP/Status/429
2026-06-06 22:47:10,721 [INFO] response: https://www.bing.com/images/async?q=M.+Languedoc-Roussillon+M.+Chapoutier+L+ermite+Blanc+Ermitage+AOP+Marsanne+2021+wine+bottle+white+background+product+photo+-site%3Ainstagram.com+-site%3Afacebook.com+-site%3Apinterest.com+-site%3Atiktok.com+-site%3Atwitter.com+-site%3Ax.com&async=1&first=1&count=35 200
2026-06-06 22:47:10,732 [INFO] DuckDuckGo returned 8 candidates for SKU BH12/2021
2026-06-06 22:47:10,803 [INFO] HTTP Request: GET https://wallpapers.com/images/hd/cute-m-45o1dd2vb2az27c4.jpg "HTTP/1.1 200 OK"
2026-06-06 22:47:10,947 [INFO] AFC is enabled with max remote calls: 10.
2026-06-06 22:47:13,104 [ERROR] Error processing candidate https://wallpapers.com/images/hd/cute-m-45o1dd2vb2az27c4.jpg for SKU BH12/2021: Image does not contain a wine bottle with a label
2026-06-06 22:47:13,188 [INFO] HTTP Request: GET https://wallpapers.com/images/hd/letter-m-digital-abstract-y3xnzltc5qr24x5o.jpg "HTTP/1.1 200 OK"
2026-06-06 22:47:13,357 [INFO] AFC is enabled with max remote calls: 10.
2026-06-06 22:47:15,561 [ERROR] Error processing candidate https://wallpapers.com/images/hd/letter-m-digital-abstract-y3xnzltc5qr24x5o.jpg for SKU BH12/2021: Image does not contain a wine bottle with a label
2026-06-06 22:47:15,638 [INFO] HTTP Request: GET https://static.vecteezy.com/system/resources/previews/021/054/569/original/3d-gold-effect-letter-m-free-png.png "HTTP/1.1 403 Forbidden"
2026-06-06 22:47:15,641 [ERROR] Image download failed for https://static.vecteezy.com/system/resources/previews/021/054/569/original/3d-gold-effect-letter-m-free-png.png: Client error '403 Forbidden' for url 'https://static.vecteezy.com/system/resources/previews/021/054/569/original/3d-gold-effect-letter-m-free-png.png'
For more information check: https://developer.mozilla.org/en-US/docs/Web/HTTP/Status/403
2026-06-06 22:47:15,641 [ERROR] Error processing candidate https://static.vecteezy.com/system/resources/previews/021/054/569/original/3d-gold-effect-letter-m-free-png.png for SKU BH12/2021: Failed to download image: https://static.vecteezy.com/system/resources/previews/021/054/569/original/3d-gold-effect-letter-m-free-png.png
2026-06-06 22:47:15,727 [INFO] HTTP Request: GET https://3.bp.blogspot.com/-fkLGJgZ1jBs/XrAz6XUIMaI/AAAAAAAAI7s/Ho0IHGbPDWsdFtd_XO2pIbaenCBCboOQQCLcBGAsYHQ/s1600/big-printable-alphabet-letter-m.png "HTTP/1.1 200 OK"
2026-06-06 22:47:15,780 [INFO] AFC is enabled with max remote calls: 10.
2026-06-06 22:47:18,225 [ERROR] Error processing candidate https://3.bp.blogspot.com/-fkLGJgZ1jBs/XrAz6XUIMaI/AAAAAAAAI7s/Ho0IHGbPDWsdFtd_XO2pIbaenCBCboOQQCLcBGAsYHQ/s1600/big-printable-alphabet-letter-m.png for SKU BH12/2021: Image does not contain a wine bottle with a label
2026-06-06 22:47:18,298 [INFO] HTTP Request: GET https://static.vecteezy.com/system/resources/previews/016/716/854/original/m-alphabet-letter-purple-color-cute-design-png.png "HTTP/1.1 403 Forbidden"
2026-06-06 22:47:18,300 [ERROR] Image download failed for https://static.vecteezy.com/system/resources/previews/016/716/854/original/m-alphabet-letter-purple-color-cute-design-png.png: Client error '403 Forbidden' for url 'https://static.vecteezy.com/system/resources/previews/016/716/854/original/m-alphabet-letter-purple-color-cute-design-png.png'
For more information check: https://developer.mozilla.org/en-US/docs/Web/HTTP/Status/403
2026-06-06 22:47:18,300 [ERROR] Error processing candidate https://static.vecteezy.com/system/resources/previews/016/716/854/original/m-alphabet-letter-purple-color-cute-design-png.png for SKU BH12/2021: Failed to download image: https://static.vecteezy.com/system/resources/previews/016/716/854/original/m-alphabet-letter-purple-color-cute-design-png.png
2026-06-06 22:47:18,941 [INFO] HTTP Request: GET https://www.bigactivities.com/coloring/alphabet/images/letter_m.png "HTTP/1.1 200 OK"
2026-06-06 22:47:19,206 [INFO] AFC is enabled with max remote calls: 10.
2026-06-06 22:47:20,812 [ERROR] Error processing candidate https://www.bigactivities.com/coloring/alphabet/images/letter_m.png for SKU BH12/2021: Image does not contain a wine bottle with a label
2026-06-06 22:47:20,903 [INFO] HTTP Request: GET https://cdn.pixabay.com/photo/2013/07/12/12/36/letter-146007_1280.png "HTTP/1.1 200 OK"
2026-06-06 22:47:20,992 [INFO] AFC is enabled with max remote calls: 10.
2026-06-06 22:47:23,555 [ERROR] Error processing candidate https://cdn.pixabay.com/photo/2013/07/12/12/36/letter-146007_1280.png for SKU BH12/2021: Image does not contain a wine bottle with a label
2026-06-06 22:47:23,632 [INFO] HTTP Request: GET https://i5.walmartimages.com/asr/8fc211b5-98b2-4cdf-945e-df2b6552923b.f68495b81922f5e384d57368439ce14b.png "HTTP/1.1 200 OK"
2026-06-06 22:47:23,749 [INFO] AFC is enabled with max remote calls: 10.
2026-06-06 22:47:25,700 [ERROR] Error processing candidate https://i5.walmartimages.com/asr/8fc211b5-98b2-4cdf-945e-df2b6552923b.f68495b81922f5e384d57368439ce14b.png for SKU BH12/2021: Image does not contain a wine bottle with a label
2026-06-06 22:47:25,701 [WARNING] No accurate image for BH12/2021 (verdict=REJECT, conf=0%)
2026-06-06 22:47:25,701 [INFO] [7/87] Searching BH12/2022: M. Chapoutier L ermite Blanc Ermitage AOP
2026-06-06 22:47:25,772 [INFO] HTTP Request: GET https://www.googleapis.com/customsearch/v1?key=AIzaSyBZ5p08dd5cR_Q5bMHhaAFuH6kPUO9jxrY&cx=02211d6d3950b4d03&q=M.+Languedoc-Roussillon+M.+Chapoutier+L+ermite+Blanc+Ermitage+AOP+Marsanne+2022+wine+bottle+white+background+product+photo+-site%3Ainstagram.com+-site%3Afacebook.com+-site%3Apinterest.com+-site%3Atiktok.com+-site%3Atwitter.com+-site%3Ax.com&searchType=image&num=10&imgSize=large&imgType=photo "HTTP/1.1 403 Forbidden"
2026-06-06 22:47:25,774 [WARNING] Custom Search JSON API returned 403: this GCP project likely has no JSON API entitlement (Google closed JSON API access for new projects; DDG/Bing fallback will be used). See https://developers.google.com/custom-search/v1/overview (Vertex AI Search or a third-party SERP API are alternatives).
2026-06-06 22:47:25,981 [INFO] HTTP Request: GET https://serpapi.com/search?engine=google_images&q=M.+Languedoc-Roussillon+M.+Chapoutier+L+ermite+Blanc+Ermitage+AOP+Marsanne+2022+wine+bottle+white+background+product+photo+-site%3Ainstagram.com+-site%3Afacebook.com+-site%3Apinterest.com+-site%3Atiktok.com+-site%3Atwitter.com+-site%3Ax.com&api_key=6507934244ec5d105def13275985cc32791c2c5e8841ae31dce98b8a2c762461&ijn=0&imgsz=l&imgtype=photo&imgar=t "HTTP/1.1 429 Too Many Requests"
2026-06-06 22:47:25,981 [ERROR] SerpApi HTTP error: Client error '429 Too Many Requests' for url 'https://serpapi.com/search?engine=google_images&q=M.+Languedoc-Roussillon+M.+Chapoutier+L+ermite+Blanc+Ermitage+AOP+Marsanne+2022+wine+bottle+white+background+product+photo+-site%3Ainstagram.com+-site%3Afacebook.com+-site%3Apinterest.com+-site%3Atiktok.com+-site%3Atwitter.com+-site%3Ax.com&api_key=6507934244ec5d105def13275985cc32791c2c5e8841ae31dce98b8a2c762461&ijn=0&imgsz=l&imgtype=photo&imgar=t'
For more information check: https://developer.mozilla.org/en-US/docs/Web/HTTP/Status/429
2026-06-06 22:47:26,225 [INFO] HTTP Request: GET https://serpapi.com/search?engine=google_images&q=M.+Languedoc-Roussillon+M.+Chapoutier+L+ermite+Blanc+Ermitage+AOP+Marsanne+2022+wine+bottle+white+background+product+photo+-site%3Ainstagram.com+-site%3Afacebook.com+-site%3Apinterest.com+-site%3Atiktok.com+-site%3Atwitter.com+-site%3Ax.com&api_key=6507934244ec5d105def13275985cc32791c2c5e8841ae31dce98b8a2c762461&ijn=1&imgsz=l&imgtype=photo&imgar=t "HTTP/1.1 429 Too Many Requests"
2026-06-06 22:47:26,227 [ERROR] SerpApi HTTP error: Client error '429 Too Many Requests' for url 'https://serpapi.com/search?engine=google_images&q=M.+Languedoc-Roussillon+M.+Chapoutier+L+ermite+Blanc+Ermitage+AOP+Marsanne+2022+wine+bottle+white+background+product+photo+-site%3Ainstagram.com+-site%3Afacebook.com+-site%3Apinterest.com+-site%3Atiktok.com+-site%3Atwitter.com+-site%3Ax.com&api_key=6507934244ec5d105def13275985cc32791c2c5e8841ae31dce98b8a2c762461&ijn=1&imgsz=l&imgtype=photo&imgar=t'
For more information check: https://developer.mozilla.org/en-US/docs/Web/HTTP/Status/429
2026-06-06 22:47:26,400 [INFO] response: https://duckduckgo.com/?q=M.+Languedoc-Roussillon+M.+Chapoutier+L+ermite+Blanc+Ermitage+AOP+Marsanne+2022+wine+bottle+white+background+product+photo+-site%3Ainstagram.com+-site%3Afacebook.com+-site%3Apinterest.com+-site%3Atiktok.com+-site%3Atwitter.com+-site%3Ax.com 200
2026-06-06 22:47:26,454 [INFO] response: https://duckduckgo.com/i.js?o=json&q=M.+Languedoc-Roussillon+M.+Chapoutier+L+ermite+Blanc+Ermitage+AOP+Marsanne+2022+wine+bottle+white+background+product+photo+-site%3Ainstagram.com+-site%3Afacebook.com+-site%3Apinterest.com+-site%3Atiktok.com+-site%3Atwitter.com+-site%3Ax.com&l=us-en&vqd=4-154386805637903036267158386118490488100&p=1&ct=AT 403
2026-06-06 22:47:26,620 [INFO] response: https://www.bing.com/images/async?q=M.+Languedoc-Roussillon+M.+Chapoutier+L+ermite+Blanc+Ermitage+AOP+Marsanne+2022+wine+bottle+white+background+product+photo+-site%3Ainstagram.com+-site%3Afacebook.com+-site%3Apinterest.com+-site%3Atiktok.com+-site%3Atwitter.com+-site%3Ax.com&async=1&first=1&count=35 200
2026-06-06 22:47:26,631 [INFO] DuckDuckGo returned 8 candidates for SKU BH12/2022
2026-06-06 22:47:26,718 [INFO] HTTP Request: GET https://wallpapers.com/images/hd/cute-m-45o1dd2vb2az27c4.jpg "HTTP/1.1 200 OK"
2026-06-06 22:47:26,849 [INFO] AFC is enabled with max remote calls: 10.
2026-06-06 22:47:29,004 [ERROR] Error processing candidate https://wallpapers.com/images/hd/cute-m-45o1dd2vb2az27c4.jpg for SKU BH12/2022: Image does not contain a wine bottle with a label
2026-06-06 22:47:29,063 [INFO] HTTP Request: GET https://wallpapers.com/images/hd/letter-m-digital-abstract-y3xnzltc5qr24x5o.jpg "HTTP/1.1 200 OK"
2026-06-06 22:47:29,236 [INFO] AFC is enabled with max remote calls: 10.
2026-06-06 22:47:31,403 [ERROR] Error processing candidate https://wallpapers.com/images/hd/letter-m-digital-abstract-y3xnzltc5qr24x5o.jpg for SKU BH12/2022: Image does not contain a wine bottle with a label
2026-06-06 22:47:31,522 [INFO] HTTP Request: GET https://static.vecteezy.com/system/resources/previews/021/054/569/original/3d-gold-effect-letter-m-free-png.png "HTTP/1.1 403 Forbidden"
2026-06-06 22:47:31,523 [ERROR] Image download failed for https://static.vecteezy.com/system/resources/previews/021/054/569/original/3d-gold-effect-letter-m-free-png.png: Client error '403 Forbidden' for url 'https://static.vecteezy.com/system/resources/previews/021/054/569/original/3d-gold-effect-letter-m-free-png.png'
For more information check: https://developer.mozilla.org/en-US/docs/Web/HTTP/Status/403
2026-06-06 22:47:31,523 [ERROR] Error processing candidate https://static.vecteezy.com/system/resources/previews/021/054/569/original/3d-gold-effect-letter-m-free-png.png for SKU BH12/2022: Failed to download image: https://static.vecteezy.com/system/resources/previews/021/054/569/original/3d-gold-effect-letter-m-free-png.png
2026-06-06 22:47:31,707 [INFO] HTTP Request: GET https://3.bp.blogspot.com/-fkLGJgZ1jBs/XrAz6XUIMaI/AAAAAAAAI7s/Ho0IHGbPDWsdFtd_XO2pIbaenCBCboOQQCLcBGAsYHQ/s1600/big-printable-alphabet-letter-m.png "HTTP/1.1 200 OK"
2026-06-06 22:47:31,780 [INFO] AFC is enabled with max remote calls: 10.
2026-06-06 22:47:35,143 [ERROR] Error processing candidate https://3.bp.blogspot.com/-fkLGJgZ1jBs/XrAz6XUIMaI/AAAAAAAAI7s/Ho0IHGbPDWsdFtd_XO2pIbaenCBCboOQQCLcBGAsYHQ/s1600/big-printable-alphabet-letter-m.png for SKU BH12/2022: Image does not contain a wine bottle with a label
2026-06-06 22:47:35,216 [INFO] HTTP Request: GET https://static.vecteezy.com/system/resources/previews/016/716/854/original/m-alphabet-letter-purple-color-cute-design-png.png "HTTP/1.1 403 Forbidden"
2026-06-06 22:47:35,217 [ERROR] Image download failed for https://static.vecteezy.com/system/resources/previews/016/716/854/original/m-alphabet-letter-purple-color-cute-design-png.png: Client error '403 Forbidden' for url 'https://static.vecteezy.com/system/resources/previews/016/716/854/original/m-alphabet-letter-purple-color-cute-design-png.png'
For more information check: https://developer.mozilla.org/en-US/docs/Web/HTTP/Status/403
2026-06-06 22:47:35,217 [ERROR] Error processing candidate https://static.vecteezy.com/system/resources/previews/016/716/854/original/m-alphabet-letter-purple-color-cute-design-png.png for SKU BH12/2022: Failed to download image: https://static.vecteezy.com/system/resources/previews/016/716/854/original/m-alphabet-letter-purple-color-cute-design-png.png
2026-06-06 22:47:35,749 [INFO] HTTP Request: GET https://www.bigactivities.com/coloring/alphabet/images/letter_m.png "HTTP/1.1 200 OK"
2026-06-06 22:47:35,965 [INFO] AFC is enabled with max remote calls: 10.
2026-06-06 22:47:37,800 [ERROR] Error processing candidate https://www.bigactivities.com/coloring/alphabet/images/letter_m.png for SKU BH12/2022: Image does not contain a wine bottle with a label
2026-06-06 22:47:38,005 [INFO] HTTP Request: GET https://cdn.pixabay.com/photo/2013/07/12/12/36/letter-146007_1280.png "HTTP/1.1 200 OK"
2026-06-06 22:47:38,112 [INFO] AFC is enabled with max remote calls: 10.
2026-06-06 22:47:40,360 [ERROR] Error processing candidate https://cdn.pixabay.com/photo/2013/07/12/12/36/letter-146007_1280.png for SKU BH12/2022: Image does not contain a wine bottle with a label
2026-06-06 22:47:40,448 [INFO] HTTP Request: GET https://i5.walmartimages.com/asr/8fc211b5-98b2-4cdf-945e-df2b6552923b.f68495b81922f5e384d57368439ce14b.png "HTTP/1.1 200 OK"
2026-06-06 22:47:40,563 [INFO] AFC is enabled with max remote calls: 10.
2026-06-06 22:47:43,025 [ERROR] Error processing candidate https://i5.walmartimages.com/asr/8fc211b5-98b2-4cdf-945e-df2b6552923b.f68495b81922f5e384d57368439ce14b.png for SKU BH12/2022: Image does not contain a wine bottle with a label
2026-06-06 22:47:43,026 [WARNING] No accurate image for BH12/2022 (verdict=REJECT, conf=0%)
2026-06-06 22:47:43,026 [INFO] [8/87] Searching BH13/2021: M. Chapoutier Le Pavillon Ermitage AOP
2026-06-06 22:47:43,085 [INFO] HTTP Request: GET https://www.googleapis.com/customsearch/v1?key=AIzaSyBZ5p08dd5cR_Q5bMHhaAFuH6kPUO9jxrY&cx=02211d6d3950b4d03&q=M.+Languedoc-Roussillon+M.+Chapoutier+Le+Pavillon+Ermitage+AOP+Syrah+2021+wine+bottle+white+background+product+photo+-site%3Ainstagram.com+-site%3Afacebook.com+-site%3Apinterest.com+-site%3Atiktok.com+-site%3Atwitter.com+-site%3Ax.com&searchType=image&num=10&imgSize=large&imgType=photo "HTTP/1.1 403 Forbidden"
2026-06-06 22:47:43,087 [WARNING] Custom Search JSON API returned 403: this GCP project likely has no JSON API entitlement (Google closed JSON API access for new projects; DDG/Bing fallback will be used). See https://developers.google.com/custom-search/v1/overview (Vertex AI Search or a third-party SERP API are alternatives).
2026-06-06 22:47:43,312 [INFO] HTTP Request: GET https://serpapi.com/search?engine=google_images&q=M.+Languedoc-Roussillon+M.+Chapoutier+Le+Pavillon+Ermitage+AOP+Syrah+2021+wine+bottle+white+background+product+photo+-site%3Ainstagram.com+-site%3Afacebook.com+-site%3Apinterest.com+-site%3Atiktok.com+-site%3Atwitter.com+-site%3Ax.com&api_key=6507934244ec5d105def13275985cc32791c2c5e8841ae31dce98b8a2c762461&ijn=0&imgsz=l&imgtype=photo&imgar=t "HTTP/1.1 429 Too Many Requests"
2026-06-06 22:47:43,313 [ERROR] SerpApi HTTP error: Client error '429 Too Many Requests' for url 'https://serpapi.com/search?engine=google_images&q=M.+Languedoc-Roussillon+M.+Chapoutier+Le+Pavillon+Ermitage+AOP+Syrah+2021+wine+bottle+white+background+product+photo+-site%3Ainstagram.com+-site%3Afacebook.com+-site%3Apinterest.com+-site%3Atiktok.com+-site%3Atwitter.com+-site%3Ax.com&api_key=6507934244ec5d105def13275985cc32791c2c5e8841ae31dce98b8a2c762461&ijn=0&imgsz=l&imgtype=photo&imgar=t'
For more information check: https://developer.mozilla.org/en-US/docs/Web/HTTP/Status/429
2026-06-06 22:47:43,576 [INFO] HTTP Request: GET https://serpapi.com/search?engine=google_images&q=M.+Languedoc-Roussillon+M.+Chapoutier+Le+Pavillon+Ermitage+AOP+Syrah+2021+wine+bottle+white+background+product+photo+-site%3Ainstagram.com+-site%3Afacebook.com+-site%3Apinterest.com+-site%3Atiktok.com+-site%3Atwitter.com+-site%3Ax.com&api_key=6507934244ec5d105def13275985cc32791c2c5e8841ae31dce98b8a2c762461&ijn=1&imgsz=l&imgtype=photo&imgar=t "HTTP/1.1 429 Too Many Requests"
2026-06-06 22:47:43,578 [ERROR] SerpApi HTTP error: Client error '429 Too Many Requests' for url 'https://serpapi.com/search?engine=google_images&q=M.+Languedoc-Roussillon+M.+Chapoutier+Le+Pavillon+Ermitage+AOP+Syrah+2021+wine+bottle+white+background+product+photo+-site%3Ainstagram.com+-site%3Afacebook.com+-site%3Apinterest.com+-site%3Atiktok.com+-site%3Atwitter.com+-site%3Ax.com&api_key=6507934244ec5d105def13275985cc32791c2c5e8841ae31dce98b8a2c762461&ijn=1&imgsz=l&imgtype=photo&imgar=t'
For more information check: https://developer.mozilla.org/en-US/docs/Web/HTTP/Status/429
2026-06-06 22:47:43,679 [INFO] response: https://duckduckgo.com/?q=M.+Languedoc-Roussillon+M.+Chapoutier+Le+Pavillon+Ermitage+AOP+Syrah+2021+wine+bottle+white+background+product+photo+-site%3Ainstagram.com+-site%3Afacebook.com+-site%3Apinterest.com+-site%3Atiktok.com+-site%3Atwitter.com+-site%3Ax.com 200
2026-06-06 22:47:43,731 [INFO] response: https://duckduckgo.com/i.js?o=json&q=M.+Languedoc-Roussillon+M.+Chapoutier+Le+Pavillon+Ermitage+AOP+Syrah+2021+wine+bottle+white+background+product+photo+-site%3Ainstagram.com+-site%3Afacebook.com+-site%3Apinterest.com+-site%3Atiktok.com+-site%3Atwitter.com+-site%3Ax.com&l=us-en&vqd=4-64439013601143546328765609531279532061&p=1&ct=AT 403
2026-06-06 22:47:44,028 [INFO] response: https://www.bing.com/images/async?q=M.+Languedoc-Roussillon+M.+Chapoutier+Le+Pavillon+Ermitage+AOP+Syrah+2021+wine+bottle+white+background+product+photo+-site%3Ainstagram.com+-site%3Afacebook.com+-site%3Apinterest.com+-site%3Atiktok.com+-site%3Atwitter.com+-site%3Ax.com&async=1&first=1&count=35 200
2026-06-06 22:47:44,039 [INFO] DuckDuckGo returned 8 candidates for SKU BH13/2021
2026-06-06 22:47:44,125 [INFO] HTTP Request: GET https://wallpapers.com/images/hd/cute-m-45o1dd2vb2az27c4.jpg "HTTP/1.1 200 OK"
2026-06-06 22:47:44,260 [INFO] AFC is enabled with max remote calls: 10.
2026-06-06 22:47:46,226 [ERROR] Error processing candidate https://wallpapers.com/images/hd/cute-m-45o1dd2vb2az27c4.jpg for SKU BH13/2021: Image does not contain a wine bottle with a label
2026-06-06 22:47:46,301 [INFO] HTTP Request: GET https://wallpapers.com/images/hd/letter-m-digital-abstract-y3xnzltc5qr24x5o.jpg "HTTP/1.1 200 OK"
2026-06-06 22:47:46,481 [INFO] AFC is enabled with max remote calls: 10.
2026-06-06 22:47:49,082 [ERROR] Error processing candidate https://wallpapers.com/images/hd/letter-m-digital-abstract-y3xnzltc5qr24x5o.jpg for SKU BH13/2021: Image does not contain a wine bottle with a label
2026-06-06 22:47:49,152 [INFO] HTTP Request: GET https://static.vecteezy.com/system/resources/previews/021/054/569/original/3d-gold-effect-letter-m-free-png.png "HTTP/1.1 403 Forbidden"
2026-06-06 22:47:49,153 [ERROR] Image download failed for https://static.vecteezy.com/system/resources/previews/021/054/569/original/3d-gold-effect-letter-m-free-png.png: Client error '403 Forbidden' for url 'https://static.vecteezy.com/system/resources/previews/021/054/569/original/3d-gold-effect-letter-m-free-png.png'
For more information check: https://developer.mozilla.org/en-US/docs/Web/HTTP/Status/403
2026-06-06 22:47:49,153 [ERROR] Error processing candidate https://static.vecteezy.com/system/resources/previews/021/054/569/original/3d-gold-effect-letter-m-free-png.png for SKU BH13/2021: Failed to download image: https://static.vecteezy.com/system/resources/previews/021/054/569/original/3d-gold-effect-letter-m-free-png.png
2026-06-06 22:47:49,231 [INFO] HTTP Request: GET https://3.bp.blogspot.com/-fkLGJgZ1jBs/XrAz6XUIMaI/AAAAAAAAI7s/Ho0IHGbPDWsdFtd_XO2pIbaenCBCboOQQCLcBGAsYHQ/s1600/big-printable-alphabet-letter-m.png "HTTP/1.1 200 OK"
2026-06-06 22:47:49,297 [INFO] AFC is enabled with max remote calls: 10.
2026-06-06 22:47:51,581 [ERROR] Error processing candidate https://3.bp.blogspot.com/-fkLGJgZ1jBs/XrAz6XUIMaI/AAAAAAAAI7s/Ho0IHGbPDWsdFtd_XO2pIbaenCBCboOQQCLcBGAsYHQ/s1600/big-printable-alphabet-letter-m.png for SKU BH13/2021: Image does not contain a wine bottle with a label
2026-06-06 22:47:51,648 [INFO] HTTP Request: GET https://static.vecteezy.com/system/resources/previews/016/716/854/original/m-alphabet-letter-purple-color-cute-design-png.png "HTTP/1.1 403 Forbidden"
2026-06-06 22:47:51,649 [ERROR] Image download failed for https://static.vecteezy.com/system/resources/previews/016/716/854/original/m-alphabet-letter-purple-color-cute-design-png.png: Client error '403 Forbidden' for url 'https://static.vecteezy.com/system/resources/previews/016/716/854/original/m-alphabet-letter-purple-color-cute-design-png.png'
For more information check: https://developer.mozilla.org/en-US/docs/Web/HTTP/Status/403
2026-06-06 22:47:51,649 [ERROR] Error processing candidate https://static.vecteezy.com/system/resources/previews/016/716/854/original/m-alphabet-letter-purple-color-cute-design-png.png for SKU BH13/2021: Failed to download image: https://static.vecteezy.com/system/resources/previews/016/716/854/original/m-alphabet-letter-purple-color-cute-design-png.png
2026-06-06 22:47:52,324 [INFO] HTTP Request: GET https://www.bigactivities.com/coloring/alphabet/images/letter_m.png "HTTP/1.1 200 OK"
2026-06-06 22:47:52,594 [INFO] AFC is enabled with max remote calls: 10.
2026-06-06 22:47:54,884 [ERROR] Error processing candidate https://www.bigactivities.com/coloring/alphabet/images/letter_m.png for SKU BH13/2021: Image does not contain a wine bottle with a label
2026-06-06 22:47:54,972 [INFO] HTTP Request: GET https://cdn.pixabay.com/photo/2013/07/12/12/36/letter-146007_1280.png "HTTP/1.1 200 OK"
2026-06-06 22:47:55,060 [INFO] AFC is enabled with max remote calls: 10.
2026-06-06 22:47:57,080 [ERROR] Error processing candidate https://cdn.pixabay.com/photo/2013/07/12/12/36/letter-146007_1280.png for SKU BH13/2021: Image does not contain a wine bottle with a label
2026-06-06 22:47:57,547 [INFO] HTTP Request: GET https://i5.walmartimages.com/asr/8fc211b5-98b2-4cdf-945e-df2b6552923b.f68495b81922f5e384d57368439ce14b.png "HTTP/1.1 200 OK"
2026-06-06 22:47:57,763 [INFO] AFC is enabled with max remote calls: 10.
2026-06-06 22:47:59,596 [ERROR] Error processing candidate https://i5.walmartimages.com/asr/8fc211b5-98b2-4cdf-945e-df2b6552923b.f68495b81922f5e384d57368439ce14b.png for SKU BH13/2021: Image does not contain a wine bottle with a label
2026-06-06 22:47:59,597 [WARNING] No accurate image for BH13/2021 (verdict=REJECT, conf=0%)
2026-06-06 22:47:59,597 [INFO] [9/87] Searching BH13/2022: M. Chapoutier Le Pavillon Ermitage AOP
2026-06-06 22:47:59,683 [INFO] HTTP Request: GET https://www.googleapis.com/customsearch/v1?key=AIzaSyBZ5p08dd5cR_Q5bMHhaAFuH6kPUO9jxrY&cx=02211d6d3950b4d03&q=M.+Languedoc-Roussillon+M.+Chapoutier+Le+Pavillon+Ermitage+AOP+Syrah+2022+wine+bottle+white+background+product+photo+-site%3Ainstagram.com+-site%3Afacebook.com+-site%3Apinterest.com+-site%3Atiktok.com+-site%3Atwitter.com+-site%3Ax.com&searchType=image&num=10&imgSize=large&imgType=photo "HTTP/1.1 403 Forbidden"
2026-06-06 22:47:59,684 [WARNING] Custom Search JSON API returned 403: this GCP project likely has no JSON API entitlement (Google closed JSON API access for new projects; DDG/Bing fallback will be used). See https://developers.google.com/custom-search/v1/overview (Vertex AI Search or a third-party SERP API are alternatives).
2026-06-06 22:47:59,901 [INFO] HTTP Request: GET https://serpapi.com/search?engine=google_images&q=M.+Languedoc-Roussillon+M.+Chapoutier+Le+Pavillon+Ermitage+AOP+Syrah+2022+wine+bottle+white+background+product+photo+-site%3Ainstagram.com+-site%3Afacebook.com+-site%3Apinterest.com+-site%3Atiktok.com+-site%3Atwitter.com+-site%3Ax.com&api_key=6507934244ec5d105def13275985cc32791c2c5e8841ae31dce98b8a2c762461&ijn=0&imgsz=l&imgtype=photo&imgar=t "HTTP/1.1 429 Too Many Requests"
2026-06-06 22:47:59,902 [ERROR] SerpApi HTTP error: Client error '429 Too Many Requests' for url 'https://serpapi.com/search?engine=google_images&q=M.+Languedoc-Roussillon+M.+Chapoutier+Le+Pavillon+Ermitage+AOP+Syrah+2022+wine+bottle+white+background+product+photo+-site%3Ainstagram.com+-site%3Afacebook.com+-site%3Apinterest.com+-site%3Atiktok.com+-site%3Atwitter.com+-site%3Ax.com&api_key=6507934244ec5d105def13275985cc32791c2c5e8841ae31dce98b8a2c762461&ijn=0&imgsz=l&imgtype=photo&imgar=t'
For more information check: https://developer.mozilla.org/en-US/docs/Web/HTTP/Status/429
2026-06-06 22:48:00,306 [INFO] HTTP Request: GET https://serpapi.com/search?engine=google_images&q=M.+Languedoc-Roussillon+M.+Chapoutier+Le+Pavillon+Ermitage+AOP+Syrah+2022+wine+bottle+white+background+product+photo+-site%3Ainstagram.com+-site%3Afacebook.com+-site%3Apinterest.com+-site%3Atiktok.com+-site%3Atwitter.com+-site%3Ax.com&api_key=6507934244ec5d105def13275985cc32791c2c5e8841ae31dce98b8a2c762461&ijn=1&imgsz=l&imgtype=photo&imgar=t "HTTP/1.1 429 Too Many Requests"
2026-06-06 22:48:00,307 [ERROR] SerpApi HTTP error: Client error '429 Too Many Requests' for url 'https://serpapi.com/search?engine=google_images&q=M.+Languedoc-Roussillon+M.+Chapoutier+Le+Pavillon+Ermitage+AOP+Syrah+2022+wine+bottle+white+background+product+photo+-site%3Ainstagram.com+-site%3Afacebook.com+-site%3Apinterest.com+-site%3Atiktok.com+-site%3Atwitter.com+-site%3Ax.com&api_key=6507934244ec5d105def13275985cc32791c2c5e8841ae31dce98b8a2c762461&ijn=1&imgsz=l&imgtype=photo&imgar=t'
For more information check: https://developer.mozilla.org/en-US/docs/Web/HTTP/Status/429
2026-06-06 22:48:00,402 [INFO] response: https://duckduckgo.com/?q=M.+Languedoc-Roussillon+M.+Chapoutier+Le+Pavillon+Ermitage+AOP+Syrah+2022+wine+bottle+white+background+product+photo+-site%3Ainstagram.com+-site%3Afacebook.com+-site%3Apinterest.com+-site%3Atiktok.com+-site%3Atwitter.com+-site%3Ax.com 200
2026-06-06 22:48:00,457 [INFO] response: https://duckduckgo.com/i.js?o=json&q=M.+Languedoc-Roussillon+M.+Chapoutier+Le+Pavillon+Ermitage+AOP+Syrah+2022+wine+bottle+white+background+product+photo+-site%3Ainstagram.com+-site%3Afacebook.com+-site%3Apinterest.com+-site%3Atiktok.com+-site%3Atwitter.com+-site%3Ax.com&l=us-en&vqd=4-170515074928145712033631058745896405451&p=1&ct=AT 403
2026-06-06 22:48:00,656 [INFO] response: https://www.bing.com/images/async?q=M.+Languedoc-Roussillon+M.+Chapoutier+Le+Pavillon+Ermitage+AOP+Syrah+2022+wine+bottle+white+background+product+photo+-site%3Ainstagram.com+-site%3Afacebook.com+-site%3Apinterest.com+-site%3Atiktok.com+-site%3Atwitter.com+-site%3Ax.com&async=1&first=1&count=35 200
2026-06-06 22:48:00,667 [INFO] DuckDuckGo returned 8 candidates for SKU BH13/2022
2026-06-06 22:48:00,739 [INFO] HTTP Request: GET https://wallpapers.com/images/hd/cute-m-45o1dd2vb2az27c4.jpg "HTTP/1.1 200 OK"
2026-06-06 22:48:00,875 [INFO] AFC is enabled with max remote calls: 10.
2026-06-06 22:48:03,588 [ERROR] Error processing candidate https://wallpapers.com/images/hd/cute-m-45o1dd2vb2az27c4.jpg for SKU BH13/2022: Image does not contain a wine bottle with a label
2026-06-06 22:48:03,663 [INFO] HTTP Request: GET https://wallpapers.com/images/hd/letter-m-digital-abstract-y3xnzltc5qr24x5o.jpg "HTTP/1.1 200 OK"
2026-06-06 22:48:03,834 [INFO] AFC is enabled with max remote calls: 10.
2026-06-06 22:48:06,347 [ERROR] Error processing candidate https://wallpapers.com/images/hd/letter-m-digital-abstract-y3xnzltc5qr24x5o.jpg for SKU BH13/2022: Image does not contain a wine bottle with a label
2026-06-06 22:48:06,424 [INFO] HTTP Request: GET https://static.vecteezy.com/system/resources/previews/021/054/569/original/3d-gold-effect-letter-m-free-png.png "HTTP/1.1 403 Forbidden"
2026-06-06 22:48:06,425 [ERROR] Image download failed for https://static.vecteezy.com/system/resources/previews/021/054/569/original/3d-gold-effect-letter-m-free-png.png: Client error '403 Forbidden' for url 'https://static.vecteezy.com/system/resources/previews/021/054/569/original/3d-gold-effect-letter-m-free-png.png'
For more information check: https://developer.mozilla.org/en-US/docs/Web/HTTP/Status/403
2026-06-06 22:48:06,425 [ERROR] Error processing candidate https://static.vecteezy.com/system/resources/previews/021/054/569/original/3d-gold-effect-letter-m-free-png.png for SKU BH13/2022: Failed to download image: https://static.vecteezy.com/system/resources/previews/021/054/569/original/3d-gold-effect-letter-m-free-png.png
2026-06-06 22:48:06,513 [INFO] HTTP Request: GET https://3.bp.blogspot.com/-fkLGJgZ1jBs/XrAz6XUIMaI/AAAAAAAAI7s/Ho0IHGbPDWsdFtd_XO2pIbaenCBCboOQQCLcBGAsYHQ/s1600/big-printable-alphabet-letter-m.png "HTTP/1.1 200 OK"
2026-06-06 22:48:06,567 [INFO] AFC is enabled with max remote calls: 10.
2026-06-06 22:48:08,664 [ERROR] Error processing candidate https://3.bp.blogspot.com/-fkLGJgZ1jBs/XrAz6XUIMaI/AAAAAAAAI7s/Ho0IHGbPDWsdFtd_XO2pIbaenCBCboOQQCLcBGAsYHQ/s1600/big-printable-alphabet-letter-m.png for SKU BH13/2022: Image does not contain a wine bottle with a label
2026-06-06 22:48:08,731 [INFO] HTTP Request: GET https://static.vecteezy.com/system/resources/previews/016/716/854/original/m-alphabet-letter-purple-color-cute-design-png.png "HTTP/1.1 403 Forbidden"
2026-06-06 22:48:08,732 [ERROR] Image download failed for https://static.vecteezy.com/system/resources/previews/016/716/854/original/m-alphabet-letter-purple-color-cute-design-png.png: Client error '403 Forbidden' for url 'https://static.vecteezy.com/system/resources/previews/016/716/854/original/m-alphabet-letter-purple-color-cute-design-png.png'
For more information check: https://developer.mozilla.org/en-US/docs/Web/HTTP/Status/403
2026-06-06 22:48:08,733 [ERROR] Error processing candidate https://static.vecteezy.com/system/resources/previews/016/716/854/original/m-alphabet-letter-purple-color-cute-design-png.png for SKU BH13/2022: Failed to download image: https://static.vecteezy.com/system/resources/previews/016/716/854/original/m-alphabet-letter-purple-color-cute-design-png.png
2026-06-06 22:48:09,377 [INFO] HTTP Request: GET https://www.bigactivities.com/coloring/alphabet/images/letter_m.png "HTTP/1.1 200 OK"
2026-06-06 22:48:09,582 [INFO] AFC is enabled with max remote calls: 10.
2026-06-06 22:48:11,267 [ERROR] Error processing candidate https://www.bigactivities.com/coloring/alphabet/images/letter_m.png for SKU BH13/2022: Image does not contain a wine bottle with a label
2026-06-06 22:48:11,377 [INFO] HTTP Request: GET https://cdn.pixabay.com/photo/2013/07/12/12/36/letter-146007_1280.png "HTTP/1.1 200 OK"
2026-06-06 22:48:11,463 [INFO] AFC is enabled with max remote calls: 10.
2026-06-06 22:48:13,521 [ERROR] Error processing candidate https://cdn.pixabay.com/photo/2013/07/12/12/36/letter-146007_1280.png for SKU BH13/2022: Image does not contain a wine bottle with a label
2026-06-06 22:48:13,710 [INFO] HTTP Request: GET https://i5.walmartimages.com/asr/8fc211b5-98b2-4cdf-945e-df2b6552923b.f68495b81922f5e384d57368439ce14b.png "HTTP/1.1 200 OK"
2026-06-06 22:48:14,015 [INFO] AFC is enabled with max remote calls: 10.
2026-06-06 22:48:16,373 [ERROR] Error processing candidate https://i5.walmartimages.com/asr/8fc211b5-98b2-4cdf-945e-df2b6552923b.f68495b81922f5e384d57368439ce14b.png for SKU BH13/2022: Image does not contain a wine bottle with a label
2026-06-06 22:48:16,374 [WARNING] No accurate image for BH13/2022 (verdict=REJECT, conf=0%)
2026-06-06 22:48:16,374 [INFO] [10/87] Searching BH14/2021: M. Chapoutier Le Meal Rouge Ermitage AOP
2026-06-06 22:48:16,455 [INFO] HTTP Request: GET https://www.googleapis.com/customsearch/v1?key=AIzaSyBZ5p08dd5cR_Q5bMHhaAFuH6kPUO9jxrY&cx=02211d6d3950b4d03&q=M.+Languedoc-Roussillon+M.+Chapoutier+Le+Meal+Rouge+Ermitage+AOP+100%25+Syrah+2021+wine+bottle+white+background+product+photo+-site%3Ainstagram.com+-site%3Afacebook.com+-site%3Apinterest.com+-site%3Atiktok.com+-site%3Atwitter.com+-site%3Ax.com&searchType=image&num=10&imgSize=large&imgType=photo "HTTP/1.1 403 Forbidden"
2026-06-06 22:48:16,457 [WARNING] Custom Search JSON API returned 403: this GCP project likely has no JSON API entitlement (Google closed JSON API access for new projects; DDG/Bing fallback will be used). See https://developers.google.com/custom-search/v1/overview (Vertex AI Search or a third-party SERP API are alternatives).
2026-06-06 22:48:16,658 [INFO] HTTP Request: GET https://serpapi.com/search?engine=google_images&q=M.+Languedoc-Roussillon+M.+Chapoutier+Le+Meal+Rouge+Ermitage+AOP+100%25+Syrah+2021+wine+bottle+white+background+product+photo+-site%3Ainstagram.com+-site%3Afacebook.com+-site%3Apinterest.com+-site%3Atiktok.com+-site%3Atwitter.com+-site%3Ax.com&api_key=6507934244ec5d105def13275985cc32791c2c5e8841ae31dce98b8a2c762461&ijn=0&imgsz=l&imgtype=photo&imgar=t "HTTP/1.1 429 Too Many Requests"
2026-06-06 22:48:16,660 [ERROR] SerpApi HTTP error: Client error '429 Too Many Requests' for url 'https://serpapi.com/search?engine=google_images&q=M.+Languedoc-Roussillon+M.+Chapoutier+Le+Meal+Rouge+Ermitage+AOP+100%25+Syrah+2021+wine+bottle+white+background+product+photo+-site%3Ainstagram.com+-site%3Afacebook.com+-site%3Apinterest.com+-site%3Atiktok.com+-site%3Atwitter.com+-site%3Ax.com&api_key=6507934244ec5d105def13275985cc32791c2c5e8841ae31dce98b8a2c762461&ijn=0&imgsz=l&imgtype=photo&imgar=t'
For more information check: https://developer.mozilla.org/en-US/docs/Web/HTTP/Status/429
2026-06-06 22:48:17,002 [INFO] HTTP Request: GET https://serpapi.com/search?engine=google_images&q=M.+Languedoc-Roussillon+M.+Chapoutier+Le+Meal+Rouge+Ermitage+AOP+100%25+Syrah+2021+wine+bottle+white+background+product+photo+-site%3Ainstagram.com+-site%3Afacebook.com+-site%3Apinterest.com+-site%3Atiktok.com+-site%3Atwitter.com+-site%3Ax.com&api_key=6507934244ec5d105def13275985cc32791c2c5e8841ae31dce98b8a2c762461&ijn=1&imgsz=l&imgtype=photo&imgar=t "HTTP/1.1 429 Too Many Requests"
2026-06-06 22:48:17,004 [ERROR] SerpApi HTTP error: Client error '429 Too Many Requests' for url 'https://serpapi.com/search?engine=google_images&q=M.+Languedoc-Roussillon+M.+Chapoutier+Le+Meal+Rouge+Ermitage+AOP+100%25+Syrah+2021+wine+bottle+white+background+product+photo+-site%3Ainstagram.com+-site%3Afacebook.com+-site%3Apinterest.com+-site%3Atiktok.com+-site%3Atwitter.com+-site%3Ax.com&api_key=6507934244ec5d105def13275985cc32791c2c5e8841ae31dce98b8a2c762461&ijn=1&imgsz=l&imgtype=photo&imgar=t'
For more information check: https://developer.mozilla.org/en-US/docs/Web/HTTP/Status/429
2026-06-06 22:48:17,203 [INFO] response: https://www.bing.com/images/async?q=M.+Languedoc-Roussillon+M.+Chapoutier+Le+Meal+Rouge+Ermitage+AOP+100%25+Syrah+2021+wine+bottle+white+background+product+photo+-site%3Ainstagram.com+-site%3Afacebook.com+-site%3Apinterest.com+-site%3Atiktok.com+-site%3Atwitter.com+-site%3Ax.com&async=1&first=1&count=35 200
2026-06-06 22:48:17,214 [INFO] DuckDuckGo returned 8 candidates for SKU BH14/2021
2026-06-06 22:48:17,282 [INFO] HTTP Request: GET https://wallpapers.com/images/hd/cute-m-45o1dd2vb2az27c4.jpg "HTTP/1.1 200 OK"
2026-06-06 22:48:17,408 [INFO] AFC is enabled with max remote calls: 10.
2026-06-06 22:48:19,747 [ERROR] Error processing candidate https://wallpapers.com/images/hd/cute-m-45o1dd2vb2az27c4.jpg for SKU BH14/2021: Image does not contain a wine bottle with a label
2026-06-06 22:48:19,828 [INFO] HTTP Request: GET https://wallpapers.com/images/hd/letter-m-digital-abstract-y3xnzltc5qr24x5o.jpg "HTTP/1.1 200 OK"
2026-06-06 22:48:20,017 [INFO] AFC is enabled with max remote calls: 10.
2026-06-06 22:48:22,431 [ERROR] Error processing candidate https://wallpapers.com/images/hd/letter-m-digital-abstract-y3xnzltc5qr24x5o.jpg for SKU BH14/2021: Image does not contain a wine bottle with a label
2026-06-06 22:48:22,507 [INFO] HTTP Request: GET https://static.vecteezy.com/system/resources/previews/021/054/569/original/3d-gold-effect-letter-m-free-png.png "HTTP/1.1 403 Forbidden"
2026-06-06 22:48:22,509 [ERROR] Image download failed for https://static.vecteezy.com/system/resources/previews/021/054/569/original/3d-gold-effect-letter-m-free-png.png: Client error '403 Forbidden' for url 'https://static.vecteezy.com/system/resources/previews/021/054/569/original/3d-gold-effect-letter-m-free-png.png'
For more information check: https://developer.mozilla.org/en-US/docs/Web/HTTP/Status/403
2026-06-06 22:48:22,509 [ERROR] Error processing candidate https://static.vecteezy.com/system/resources/previews/021/054/569/original/3d-gold-effect-letter-m-free-png.png for SKU BH14/2021: Failed to download image: https://static.vecteezy.com/system/resources/previews/021/054/569/original/3d-gold-effect-letter-m-free-png.png
2026-06-06 22:48:22,593 [INFO] HTTP Request: GET https://3.bp.blogspot.com/-fkLGJgZ1jBs/XrAz6XUIMaI/AAAAAAAAI7s/Ho0IHGbPDWsdFtd_XO2pIbaenCBCboOQQCLcBGAsYHQ/s1600/big-printable-alphabet-letter-m.png "HTTP/1.1 200 OK"
2026-06-06 22:48:22,649 [INFO] AFC is enabled with max remote calls: 10.
2026-06-06 22:48:24,889 [ERROR] Error processing candidate https://3.bp.blogspot.com/-fkLGJgZ1jBs/XrAz6XUIMaI/AAAAAAAAI7s/Ho0IHGbPDWsdFtd_XO2pIbaenCBCboOQQCLcBGAsYHQ/s1600/big-printable-alphabet-letter-m.png for SKU BH14/2021: Image does not contain a wine bottle with a label
2026-06-06 22:48:24,985 [INFO] HTTP Request: GET https://static.vecteezy.com/system/resources/previews/016/716/854/original/m-alphabet-letter-purple-color-cute-design-png.png "HTTP/1.1 403 Forbidden"
2026-06-06 22:48:24,987 [ERROR] Image download failed for https://static.vecteezy.com/system/resources/previews/016/716/854/original/m-alphabet-letter-purple-color-cute-design-png.png: Client error '403 Forbidden' for url 'https://static.vecteezy.com/system/resources/previews/016/716/854/original/m-alphabet-letter-purple-color-cute-design-png.png'
For more information check: https://developer.mozilla.org/en-US/docs/Web/HTTP/Status/403
2026-06-06 22:48:24,987 [ERROR] Error processing candidate https://static.vecteezy.com/system/resources/previews/016/716/854/original/m-alphabet-letter-purple-color-cute-design-png.png for SKU BH14/2021: Failed to download image: https://static.vecteezy.com/system/resources/previews/016/716/854/original/m-alphabet-letter-purple-color-cute-design-png.png
2026-06-06 22:48:25,732 [INFO] HTTP Request: GET https://www.bigactivities.com/coloring/alphabet/images/letter_m.png "HTTP/1.1 200 OK"
2026-06-06 22:48:25,950 [INFO] AFC is enabled with max remote calls: 10.
2026-06-06 22:48:28,229 [ERROR] Error processing candidate https://www.bigactivities.com/coloring/alphabet/images/letter_m.png for SKU BH14/2021: Image does not contain a wine bottle with a label
2026-06-06 22:48:28,337 [INFO] HTTP Request: GET https://cdn.pixabay.com/photo/2013/07/12/12/36/letter-146007_1280.png "HTTP/1.1 200 OK"
2026-06-06 22:48:28,458 [INFO] AFC is enabled with max remote calls: 10.
2026-06-06 22:48:30,499 [ERROR] Error processing candidate https://cdn.pixabay.com/photo/2013/07/12/12/36/letter-146007_1280.png for SKU BH14/2021: Image does not contain a wine bottle with a label
2026-06-06 22:48:30,687 [INFO] HTTP Request: GET https://i5.walmartimages.com/asr/8fc211b5-98b2-4cdf-945e-df2b6552923b.f68495b81922f5e384d57368439ce14b.png "HTTP/1.1 200 OK"
2026-06-06 22:48:30,917 [INFO] AFC is enabled with max remote calls: 10.
2026-06-06 22:48:32,978 [ERROR] Error processing candidate https://i5.walmartimages.com/asr/8fc211b5-98b2-4cdf-945e-df2b6552923b.f68495b81922f5e384d57368439ce14b.png for SKU BH14/2021: Image does not contain a wine bottle with a label
2026-06-06 22:48:32,979 [WARNING] No accurate image for BH14/2021 (verdict=REJECT, conf=0%)
2026-06-06 22:48:32,979 [INFO] [11/87] Searching BH14/2022: M. Chapoutier Le Meal Rouge Ermitage AOP
2026-06-06 22:48:33,061 [INFO] HTTP Request: GET https://www.googleapis.com/customsearch/v1?key=AIzaSyBZ5p08dd5cR_Q5bMHhaAFuH6kPUO9jxrY&cx=02211d6d3950b4d03&q=M.+Languedoc-Roussillon+M.+Chapoutier+Le+Meal+Rouge+Ermitage+AOP+100%25+Syrah+2022+wine+bottle+white+background+product+photo+-site%3Ainstagram.com+-site%3Afacebook.com+-site%3Apinterest.com+-site%3Atiktok.com+-site%3Atwitter.com+-site%3Ax.com&searchType=image&num=10&imgSize=large&imgType=photo "HTTP/1.1 403 Forbidden"
2026-06-06 22:48:33,062 [WARNING] Custom Search JSON API returned 403: this GCP project likely has no JSON API entitlement (Google closed JSON API access for new projects; DDG/Bing fallback will be used). See https://developers.google.com/custom-search/v1/overview (Vertex AI Search or a third-party SERP API are alternatives).
2026-06-06 22:48:33,284 [INFO] HTTP Request: GET https://serpapi.com/search?engine=google_images&q=M.+Languedoc-Roussillon+M.+Chapoutier+Le+Meal+Rouge+Ermitage+AOP+100%25+Syrah+2022+wine+bottle+white+background+product+photo+-site%3Ainstagram.com+-site%3Afacebook.com+-site%3Apinterest.com+-site%3Atiktok.com+-site%3Atwitter.com+-site%3Ax.com&api_key=6507934244ec5d105def13275985cc32791c2c5e8841ae31dce98b8a2c762461&ijn=0&imgsz=l&imgtype=photo&imgar=t "HTTP/1.1 429 Too Many Requests"
2026-06-06 22:48:33,286 [ERROR] SerpApi HTTP error: Client error '429 Too Many Requests' for url 'https://serpapi.com/search?engine=google_images&q=M.+Languedoc-Roussillon+M.+Chapoutier+Le+Meal+Rouge+Ermitage+AOP+100%25+Syrah+2022+wine+bottle+white+background+product+photo+-site%3Ainstagram.com+-site%3Afacebook.com+-site%3Apinterest.com+-site%3Atiktok.com+-site%3Atwitter.com+-site%3Ax.com&api_key=6507934244ec5d105def13275985cc32791c2c5e8841ae31dce98b8a2c762461&ijn=0&imgsz=l&imgtype=photo&imgar=t'
For more information check: https://developer.mozilla.org/en-US/docs/Web/HTTP/Status/429
2026-06-06 22:48:33,592 [INFO] HTTP Request: GET https://serpapi.com/search?engine=google_images&q=M.+Languedoc-Roussillon+M.+Chapoutier+Le+Meal+Rouge+Ermitage+AOP+100%25+Syrah+2022+wine+bottle+white+background+product+photo+-site%3Ainstagram.com+-site%3Afacebook.com+-site%3Apinterest.com+-site%3Atiktok.com+-site%3Atwitter.com+-site%3Ax.com&api_key=6507934244ec5d105def13275985cc32791c2c5e8841ae31dce98b8a2c762461&ijn=1&imgsz=l&imgtype=photo&imgar=t "HTTP/1.1 429 Too Many Requests"
2026-06-06 22:48:33,594 [ERROR] SerpApi HTTP error: Client error '429 Too Many Requests' for url 'https://serpapi.com/search?engine=google_images&q=M.+Languedoc-Roussillon+M.+Chapoutier+Le+Meal+Rouge+Ermitage+AOP+100%25+Syrah+2022+wine+bottle+white+background+product+photo+-site%3Ainstagram.com+-site%3Afacebook.com+-site%3Apinterest.com+-site%3Atiktok.com+-site%3Atwitter.com+-site%3Ax.com&api_key=6507934244ec5d105def13275985cc32791c2c5e8841ae31dce98b8a2c762461&ijn=1&imgsz=l&imgtype=photo&imgar=t'
For more information check: https://developer.mozilla.org/en-US/docs/Web/HTTP/Status/429
2026-06-06 22:48:33,766 [INFO] response: https://duckduckgo.com/?q=M.+Languedoc-Roussillon+M.+Chapoutier+Le+Meal+Rouge+Ermitage+AOP+100%25+Syrah+2022+wine+bottle+white+background+product+photo+-site%3Ainstagram.com+-site%3Afacebook.com+-site%3Apinterest.com+-site%3Atiktok.com+-site%3Atwitter.com+-site%3Ax.com 200
2026-06-06 22:48:33,825 [INFO] response: https://duckduckgo.com/i.js?o=json&q=M.+Languedoc-Roussillon+M.+Chapoutier+Le+Meal+Rouge+Ermitage+AOP+100%25+Syrah+2022+wine+bottle+white+background+product+photo+-site%3Ainstagram.com+-site%3Afacebook.com+-site%3Apinterest.com+-site%3Atiktok.com+-site%3Atwitter.com+-site%3Ax.com&l=us-en&vqd=4-172297629663930118063379597848975673514&p=1&ct=AT 403
2026-06-06 22:48:34,000 [INFO] response: https://www.bing.com/images/async?q=M.+Languedoc-Roussillon+M.+Chapoutier+Le+Meal+Rouge+Ermitage+AOP+100%25+Syrah+2022+wine+bottle+white+background+product+photo+-site%3Ainstagram.com+-site%3Afacebook.com+-site%3Apinterest.com+-site%3Atiktok.com+-site%3Atwitter.com+-site%3Ax.com&async=1&first=1&count=35 200
2026-06-06 22:48:34,011 [INFO] DuckDuckGo returned 8 candidates for SKU BH14/2022
2026-06-06 22:48:34,088 [INFO] HTTP Request: GET https://wallpapers.com/images/hd/cute-m-45o1dd2vb2az27c4.jpg "HTTP/1.1 200 OK"
2026-06-06 22:48:34,224 [INFO] AFC is enabled with max remote calls: 10.
2026-06-06 22:48:37,052 [ERROR] Error processing candidate https://wallpapers.com/images/hd/cute-m-45o1dd2vb2az27c4.jpg for SKU BH14/2022: Image does not contain a wine bottle with a label
2026-06-06 22:48:37,173 [INFO] HTTP Request: GET https://wallpapers.com/images/hd/letter-m-digital-abstract-y3xnzltc5qr24x5o.jpg "HTTP/1.1 200 OK"
2026-06-06 22:48:37,395 [INFO] AFC is enabled with max remote calls: 10.
2026-06-06 22:48:39,629 [ERROR] Error processing candidate https://wallpapers.com/images/hd/letter-m-digital-abstract-y3xnzltc5qr24x5o.jpg for SKU BH14/2022: Image does not contain a wine bottle with a label
2026-06-06 22:48:39,707 [INFO] HTTP Request: GET https://static.vecteezy.com/system/resources/previews/021/054/569/original/3d-gold-effect-letter-m-free-png.png "HTTP/1.1 403 Forbidden"
2026-06-06 22:48:39,708 [ERROR] Image download failed for https://static.vecteezy.com/system/resources/previews/021/054/569/original/3d-gold-effect-letter-m-free-png.png: Client error '403 Forbidden' for url 'https://static.vecteezy.com/system/resources/previews/021/054/569/original/3d-gold-effect-letter-m-free-png.png'
For more information check: https://developer.mozilla.org/en-US/docs/Web/HTTP/Status/403
2026-06-06 22:48:39,709 [ERROR] Error processing candidate https://static.vecteezy.com/system/resources/previews/021/054/569/original/3d-gold-effect-letter-m-free-png.png for SKU BH14/2022: Failed to download image: https://static.vecteezy.com/system/resources/previews/021/054/569/original/3d-gold-effect-letter-m-free-png.png
2026-06-06 22:48:39,789 [INFO] HTTP Request: GET https://3.bp.blogspot.com/-fkLGJgZ1jBs/XrAz6XUIMaI/AAAAAAAAI7s/Ho0IHGbPDWsdFtd_XO2pIbaenCBCboOQQCLcBGAsYHQ/s1600/big-printable-alphabet-letter-m.png "HTTP/1.1 200 OK"
2026-06-06 22:48:39,854 [INFO] AFC is enabled with max remote calls: 10.
2026-06-06 22:48:42,604 [ERROR] Error processing candidate https://3.bp.blogspot.com/-fkLGJgZ1jBs/XrAz6XUIMaI/AAAAAAAAI7s/Ho0IHGbPDWsdFtd_XO2pIbaenCBCboOQQCLcBGAsYHQ/s1600/big-printable-alphabet-letter-m.png for SKU BH14/2022: Image does not contain a wine bottle with a label
2026-06-06 22:48:42,678 [INFO] HTTP Request: GET https://static.vecteezy.com/system/resources/previews/016/716/854/original/m-alphabet-letter-purple-color-cute-design-png.png "HTTP/1.1 403 Forbidden"
2026-06-06 22:48:42,680 [ERROR] Image download failed for https://static.vecteezy.com/system/resources/previews/016/716/854/original/m-alphabet-letter-purple-color-cute-design-png.png: Client error '403 Forbidden' for url 'https://static.vecteezy.com/system/resources/previews/016/716/854/original/m-alphabet-letter-purple-color-cute-design-png.png'
For more information check: https://developer.mozilla.org/en-US/docs/Web/HTTP/Status/403
2026-06-06 22:48:42,680 [ERROR] Error processing candidate https://static.vecteezy.com/system/resources/previews/016/716/854/original/m-alphabet-letter-purple-color-cute-design-png.png for SKU BH14/2022: Failed to download image: https://static.vecteezy.com/system/resources/previews/016/716/854/original/m-alphabet-letter-purple-color-cute-design-png.png
2026-06-06 22:48:43,195 [INFO] HTTP Request: GET https://www.bigactivities.com/coloring/alphabet/images/letter_m.png "HTTP/1.1 200 OK"
2026-06-06 22:48:43,408 [INFO] AFC is enabled with max remote calls: 10.
2026-06-06 22:48:45,567 [ERROR] Error processing candidate https://www.bigactivities.com/coloring/alphabet/images/letter_m.png for SKU BH14/2022: Image does not contain a wine bottle with a label
2026-06-06 22:48:45,667 [INFO] HTTP Request: GET https://cdn.pixabay.com/photo/2013/07/12/12/36/letter-146007_1280.png "HTTP/1.1 200 OK"
2026-06-06 22:48:45,763 [INFO] AFC is enabled with max remote calls: 10.
2026-06-06 22:48:47,518 [ERROR] Error processing candidate https://cdn.pixabay.com/photo/2013/07/12/12/36/letter-146007_1280.png for SKU BH14/2022: Image does not contain a wine bottle with a label
2026-06-06 22:48:47,712 [INFO] HTTP Request: GET https://i5.walmartimages.com/asr/8fc211b5-98b2-4cdf-945e-df2b6552923b.f68495b81922f5e384d57368439ce14b.png "HTTP/1.1 200 OK"
2026-06-06 22:48:47,951 [INFO] AFC is enabled with max remote calls: 10.
